12-02 20:02:01.906  6006  6119 W System.err: 	at okhttp3.internal.http.BridgeInterceptor.intercept(BridgeInterceptor.kt:83)
12-02 20:02:01.906  6006  6119 W System.err: 	at okhttp3.internal.http.RealInterceptorChain.proceed(RealInterceptorChain.kt:109)
12-02 20:02:01.906  6006  6119 W System.err: 	at okhttp3.internal.http.RetryAndFollowUpInterceptor.intercept(RetryAndFollowUpInterceptor.kt:76)
12-02 20:02:01.906  6006  6119 W System.err: 	at okhttp3.internal.http.RealInterceptorChain.proceed(RealInterceptorChain.kt:109)
12-02 20:02:01.906  6006  6119 W System.err: 	at okhttp3.internal.connection.RealCall.getResponseWithInterceptorChain$okhttp(RealCall.kt:201)
12-02 20:02:01.906  6006  6119 W System.err: 	at okhttp3.internal.connection.RealCall$AsyncCall.run(RealCall.kt:517)
12-02 20:02:01.907  6006  6119 W System.err: 	at java.util.concurrent.ThreadPoolExecutor.runWorker(ThreadPoolExecutor.java:1167)
12-02 20:02:01.907  6006  6119 W System.err: 	at java.util.concurrent.ThreadPoolExecutor$Worker.run(ThreadPoolExecutor.java:641)
12-02 20:02:01.907  6006  6119 W System.err: 	at java.lang.Thread.run(Thread.java:923)
12-02 20:02:01.980  6006  6006 D LifecycleMonitor: Lifecycle status change: com.example.neuraldrive.MainActivity@2a71c1 in: STOPPED
12-02 20:02:01.980  6006  6006 V ActivityScenario: Update currentActivityStage to STOPPED, currentActivity=com.example.neuraldrive.MainActivity@2a71c1
12-02 20:02:02.021  3233  3233 I WearInputMethodService: WearInputMethodService.onFinishInput():2244
12-02 20:02:02.022  3233  3233 I WearInputMethodService: WearInputMethodService.onStartInput():1777
12-02 20:02:02.027  3233  3233 I WearInputMethodService: WearInputMethodService.onStartInput():1789 onStartInput(), Dummy InputConnection bound
12-02 20:02:02.141   590   590 W SysUI   : [LauncherDefaultRecentsCombiner]Unable to get ActivityDisplayInfo for {com.fitbit.FitbitMobile/com.fitbit.today.TodayMainActivity} attempting to fetch from ResolveInfo
12-02 20:02:02.141   590   590 W SysUI   : [LauncherDefaultRecentsCombiner]Unable to get ResolveInfo for {com.fitbit.FitbitMobile/com.fitbit.today.TodayMainActivity}, not able to add to default recents
12-02 20:02:02.149   590   590 W SysUI   : [LauncherDefaultRecentsCombiner]Unable to get ActivityDisplayInfo for {com.fitbit.FitbitMobile/com.fitbit.exercise.MainActivity} attempting to fetch from ResolveInfo
12-02 20:02:02.149   590   590 W SysUI   : [LauncherDefaultRecentsCombiner]Unable to get ResolveInfo for {com.fitbit.FitbitMobile/com.fitbit.exercise.MainActivity}, not able to add to default recents
12-02 20:02:02.151   590   590 W SysUI   : [LauncherDefaultRecentsCombiner]Unable to get ActivityDisplayInfo for {com.google.android.apps.youtube.music/com.google.android.apps.youtube.music.wear.WearMainActivity} attempting to fetch from ResolveInfo
12-02 20:02:02.152   590   590 W SysUI   : [LauncherDefaultRecentsCombiner]Unable to get ResolveInfo for {com.google.android.apps.youtube.music/com.google.android.apps.youtube.music.wear.WearMainActivity}, not able to add to default recents
12-02 20:02:02.172   590  1658 E SysUI   : [RecentTaskLauncherApp]Couldn't resolve any Activity for task TaskInfo{userId=0 stackId=46 taskId=46 displayId=0 isRunning=true baseIntent=Intent { act=android.intent.action.MAIN cat=[android.intent.category.LAUNCHER] flg=0x10000000 cmp=com.example.neuraldrive/androidx.test.core.app.InstrumentationActivityInvoker$EmptyFloatingActivity } baseActivity=ComponentInfo{com.example.neuraldrive/androidx.test.core.app.InstrumentationActivityInvoker$EmptyFloatingActivity} topActivity=ComponentInfo{com.example.neuraldrive/androidx.test.core.app.InstrumentationActivityInvoker$EmptyActivity} origActivity=null realActivity=ComponentInfo{com.example.neuraldrive/androidx.test.core.app.InstrumentationActivityInvoker$EmptyFloatingActivity} numActivities=2 lastActiveTime=3965704 supportsSplitScreenMultiWindow=false resizeMode=1 isResizeable=true token=android.window.WindowContainerToken@f278bf6 topActivityType=1 pictureInPictureParams=null topActivityInfo=ActivityInfo{5b6473 androidx.test.core.app.InstrumentationActivityInvoker$EmptyActivity}
12-02 20:02:02.172   590  1658 W SysUI   : [RecentTasksLauncherRepo]getRecentApps matched task with the only Launcher in the package TaskInfo{userId=0 stackId=46 taskId=46 displayId=0 isRunning=true baseIntent=Intent { act=android.intent.action.MAIN cat=[android.intent.category.LAUNCHER] flg=0x10000000 cmp=com.example.neuraldrive/androidx.test.core.app.InstrumentationActivityInvoker$EmptyFloatingActivity } baseActivity=ComponentInfo{com.example.neuraldrive/androidx.test.core.app.InstrumentationActivityInvoker$EmptyFloatingActivity} topActivity=ComponentInfo{com.example.neuraldrive/androidx.test.core.app.InstrumentationActivityInvoker$EmptyActivity} origActivity=null realActivity=ComponentInfo{com.example.neuraldrive/androidx.test.core.app.InstrumentationActivityInvoker$EmptyFloatingActivity} numActivities=2 lastActiveTime=3965704 supportsSplitScreenMultiWindow=false resizeMode=1 isResizeable=true token=android.window.WindowContainerToken@f278bf6 topActivityType=1 pictureInPictureParams=null topActivityInfo=ActivityInfo{5b6473 androidx.test.core.app.InstrumentationActivityInvoker$EmptyActivity} == ActivityLauncherApp{label=NeuralDrive, recent=false, timeLastUsedMs=0, info=android.content.pm.LauncherActivityInfo@4af26dd, iconSupplier=cds@8591252}
12-02 20:02:02.172   590  1658 D SysUI   : [PrimesSysHealthLogger]Timer GLOBAL_LAUNCHER_LOAD_RECENT_TASKS_TIME took 83 ms
12-02 20:02:02.221  6006  6006 D LifecycleMonitor: Lifecycle status change: com.example.neuraldrive.MainActivity@2a71c1 in: DESTROYED
12-02 20:02:02.221  6006  6006 V ActivityScenario: Update currentActivityStage to DESTROYED, currentActivity=null
12-02 20:02:02.274  6006  6109 I System.out: [
12-02 20:02:02.299   590   590 W SysUI   : [LauncherDefaultRecentsCombiner]Unable to get ActivityDisplayInfo for {com.google.android.apps.messaging/com.google.android.apps.messaging.main.WearMainActivity} attempting to fetch from ResolveInfo
12-02 20:02:02.299   590   590 W SysUI   : [LauncherDefaultRecentsCombiner]Unable to get ResolveInfo for {com.google.android.apps.messaging/com.google.android.apps.messaging.main.WearMainActivity}, not able to add to default recents
12-02 20:02:02.308   590   590 W SysUI   : [LauncherDefaultRecentsCombiner]Unable to get ActivityDisplayInfo for {com.google.android.dialer/com.google.android.wearable.googledialer.launcher.impl.LauncherActivity} attempting to fetch from ResolveInfo
12-02 20:02:02.309   590   590 W SysUI   : [LauncherDefaultRecentsCombiner]Unable to get ResolveInfo for {com.google.android.dialer/com.google.android.wearable.googledialer.launcher.impl.LauncherActivity}, not able to add to default recents
12-02 20:02:02.311  5880  6030 I Finsky  : [511] drl.run(18): Cannot disable service: mio
12-02 20:02:02.314   590   590 W SysUI   : [LauncherDefaultRecentsCombiner]Unable to get ActivityDisplayInfo for {com.google.android.apps.safetyhub/com.google.android.wearable.safety.application.MainActivity} attempting to fetch from ResolveInfo
12-02 20:02:02.314   590   590 W SysUI   : [LauncherDefaultRecentsCombiner]Unable to get ResolveInfo for {com.google.android.apps.safetyhub/com.google.android.wearable.safety.application.MainActivity}, not able to add to default recents
12-02 20:02:02.314  5880  6030 I Finsky  : [511] drl.run(18): Cannot disable service: mij
12-02 20:02:02.324   590   590 W SysUI   : [LauncherDefaultRecentsCombiner]Unable to get ActivityDisplayInfo for {com.google.android.apps.maps/com.google.android.apps.gmmwearable.MainActivity} attempting to fetch from ResolveInfo
12-02 20:02:02.324   590   590 W SysUI   : [LauncherDefaultRecentsCombiner]Unable to get ResolveInfo for {com.google.android.apps.maps/com.google.android.apps.gmmwearable.MainActivity}, not able to add to default recents
12-02 20:02:02.325   590   590 D SysUI   : [PendingLauncherAppCombiner]loadAndMergeWithRecents + sessionInfo size:0
12-02 20:02:02.325   590   590 D SysUI   : [PendingLauncherAppCombiner]loadAndMergeWithAllApps + sessionInfo size:0
12-02 20:02:02.327   590  5516 D SysUI   : [PrimesSysHealthLogger]Timer GLOBAL_LAUNCHER_MERGE_ONGOING_ACTIVITIES_TIME took 2 ms
12-02 20:02:02.327  6079  6079 W ding:backgroun: Verification of tmq tmg.L() took 332.949ms (9.01 bytecodes/s) (768B approximate peak alloc)
12-02 20:02:02.371  5604  5637 W gle.android.gm: Verification of void ukc.e() took 734.743ms (55.80 bytecodes/s) (1504B approximate peak alloc)
12-02 20:02:02.384  6006  6119 W System.err: java.net.UnknownHostException: Unable to resolve host "258.54.87.52": No address associated with hostname
12-02 20:02:02.384  6006  6119 W System.err: 	at java.net.Inet6AddressImpl.lookupHostByName(Inet6AddressImpl.java:156)
12-02 20:02:02.397  6006  6119 W System.err: 	at java.net.Inet6AddressImpl.lookupAllHostAddr(Inet6AddressImpl.java:103)
12-02 20:02:02.401  6006  6119 W System.err: 	at java.net.InetAddress.getAllByName(InetAddress.java:1152)
12-02 20:02:02.401  6006  6119 W System.err: 	at okhttp3.Dns$Companion$DnsSystem.lookup(Dns.kt:49)
12-02 20:02:02.401  6006  6119 W System.err: 	at okhttp3.internal.connection.RouteSelector.resetNextInetSocketAddress(RouteSelector.kt:164)
12-02 20:02:02.401  6006  6119 W System.err: 	at okhttp3.internal.connection.RouteSelector.nextProxy(RouteSelector.kt:129)
12-02 20:02:02.405  6006  6119 W System.err: 	at okhttp3.internal.connection.RouteSelector.next(RouteSelector.kt:71)
12-02 20:02:02.405  6006  6119 W System.err: 	at okhttp3.internal.connection.ExchangeFinder.findConnection(ExchangeFinder.kt:205)
12-02 20:02:02.405  6006  6119 W System.err: 	at okhttp3.internal.connection.ExchangeFinder.findHealthyConnection(ExchangeFinder.kt:106)
12-02 20:02:02.405  6006  6119 W System.err: 	at okhttp3.internal.connection.ExchangeFinder.find(ExchangeFinder.kt:74)
12-02 20:02:02.405  6006  6119 W System.err: 	at okhttp3.internal.connection.RealCall.initExchange$okhttp(RealCall.kt:255)
12-02 20:02:02.406  6006  6119 W System.err: 	at okhttp3.internal.connection.ConnectInterceptor.intercept(ConnectInterceptor.kt:32)
12-02 20:02:02.406  6006  6119 W System.err: 	at okhttp3.internal.http.RealInterceptorChain.proceed(RealInterceptorChain.kt:109)
12-02 20:02:02.406  6006  6119 W System.err: 	at okhttp3.internal.cache.CacheInterceptor.intercept(CacheInterceptor.kt:95)
12-02 20:02:02.406  6006  6119 W System.err: 	at okhttp3.internal.http.RealInterceptorChain.proceed(RealInterceptorChain.kt:109)
12-02 20:02:02.406  6006  6119 W System.err: 	at okhttp3.internal.http.BridgeInterceptor.intercept(BridgeInterceptor.kt:83)
12-02 20:02:02.406  6006  6119 W System.err: 	at okhttp3.internal.http.RealInterceptorChain.proceed(RealInterceptorChain.kt:109)
12-02 20:02:02.406  6006  6119 W System.err: 	at okhttp3.internal.http.RetryAndFollowUpInterceptor.intercept(RetryAndFollowUpInterceptor.kt:76)
12-02 20:02:02.406  6006  6119 W System.err: 	at okhttp3.internal.http.RealInterceptorChain.proceed(RealInterceptorChain.kt:109)
12-02 20:02:02.406  6006  6119 W System.err: 	at okhttp3.internal.connection.RealCall.getResponseWithInterceptorChain$okhttp(RealCall.kt:201)
12-02 20:02:02.406  6006  6119 W System.err: 	at okhttp3.internal.connection.RealCall$AsyncCall.run(RealCall.kt:517)
12-02 20:02:02.406  6006  6119 W System.err: 	at java.util.concurrent.ThreadPoolExecutor.runWorker(ThreadPoolExecutor.java:1167)
12-02 20:02:02.406  6006  6119 W System.err: 	at java.util.concurrent.ThreadPoolExecutor$Worker.run(ThreadPoolExecutor.java:641)
12-02 20:02:02.406  6006  6119 W System.err: 	at java.lang.Thread.run(Thread.java:923)
12-02 20:02:02.406  6006  6119 W System.err: Caused by: android.system.GaiException: android_getaddrinfo failed: EAI_NODATA (No address associated with hostname)
12-02 20:02:02.406  6006  6119 W System.err: 	at libcore.io.Linux.android_getaddrinfo(Native Method)
12-02 20:02:02.406  6006  6119 W System.err: 	at libcore.io.ForwardingOs.android_getaddrinfo(ForwardingOs.java:73)
12-02 20:02:02.406  6006  6119 W System.err: 	at libcore.io.BlockGuardOs.android_getaddrinfo(BlockGuardOs.java:202)
12-02 20:02:02.406  6006  6119 W System.err: 	at libcore.io.ForwardingOs.android_getaddrinfo(ForwardingOs.java:73)
12-02 20:02:02.407  6006  6119 W System.err: 	at java.net.Inet6AddressImpl.lookupHostByName(Inet6AddressImpl.java:135)
12-02 20:02:02.407  6006  6119 W System.err: 	... 23 more
12-02 20:02:02.416   399   458 I libprocessgroup: Successfully killed process cgroup uid 10053 pid 5657 in 1221ms
12-02 20:02:02.417   203   203 I Zygote  : Process 5657 exited due to signal 9 (Killed)
12-02 20:02:02.418  5880  6035 W android.vendin: Verification of void jve.c(java.lang.String) took 529.733ms (1512.08 bytecodes/s) (10456B approximate peak alloc)
12-02 20:02:02.482   221   255 D goldfish-address-space: claimShared: Ask to claim region [0x3fe2b8000 0x3fe382000]
12-02 20:02:02.522   790   790 D Telephony: isEmergencyPreferredAccount: subId=1, activeData=1
12-02 20:02:02.522   790   790 D Telephony: isEmergencyPreferredAccount: Device does not require preference.
12-02 20:02:02.567  6006  6006 D LifecycleMonitor: Lifecycle status change: androidx.test.core.app.InstrumentationActivityInvoker$EmptyFloatingActivity@395982e in: STOPPED
12-02 20:02:02.599  6006  6006 V ActivityScenario: Activity lifecycle changed event received but ignored because the intent does not match. startActivityIntent=Intent { act=android.intent.action.MAIN cat=[android.intent.category.LAUNCHER] flg=0x10008000 cmp=com.example.neuraldrive/.MainActivity }, activity.getIntent()=Intent { act=android.intent.action.MAIN cat=[android.intent.category.LAUNCHER] flg=0x10000000 cmp=com.example.neuraldrive/androidx.test.core.app.InstrumentationActivityInvoker$EmptyFloatingActivity }, activity=androidx.test.core.app.InstrumentationActivityInvoker$EmptyFloatingActivity@395982e
12-02 20:02:02.724  3233  3233 I WearInputMethodService: WearInputMethodService.onBindInput():989
12-02 20:02:02.730  3233  3233 I WearInputMethodService: WearInputMethodService.onFinishInput():2244
12-02 20:02:02.730  3233  3233 I WearInputMethodService: WearInputMethodService.onStartInput():1777
12-02 20:02:02.730  3233  3233 I WearInputMethodService: WearInputMethodService.onStartInput():1789 onStartInput(), Dummy InputConnection bound
12-02 20:02:02.776  6006  6109 I System.out: [
12-02 20:02:02.779  6006  6119 W System.err: java.net.UnknownHostException: Unable to resolve host "258.54.87.52": No address associated with hostname
12-02 20:02:02.779  6006  6119 W System.err: 	at java.net.Inet6AddressImpl.lookupHostByName(Inet6AddressImpl.java:124)
12-02 20:02:02.779  6006  6119 W System.err: 	at java.net.Inet6AddressImpl.lookupAllHostAddr(Inet6AddressImpl.java:103)
12-02 20:02:02.779  6006  6119 W System.err: 	at java.net.InetAddress.getAllByName(InetAddress.java:1152)
12-02 20:02:02.779  6006  6119 W System.err: 	at okhttp3.Dns$Companion$DnsSystem.lookup(Dns.kt:49)
12-02 20:02:02.779  6006  6119 W System.err: 	at okhttp3.internal.connection.RouteSelector.resetNextInetSocketAddress(RouteSelector.kt:164)
12-02 20:02:02.779  6006  6119 W System.err: 	at okhttp3.internal.connection.RouteSelector.nextProxy(RouteSelector.kt:129)
12-02 20:02:02.779  6006  6119 W System.err: 	at okhttp3.internal.connection.RouteSelector.next(RouteSelector.kt:71)
12-02 20:02:02.779  6006  6119 W System.err: 	at okhttp3.internal.connection.ExchangeFinder.findConnection(ExchangeFinder.kt:205)
12-02 20:02:02.780  6006  6119 W System.err: 	at okhttp3.internal.connection.ExchangeFinder.findHealthyConnection(ExchangeFinder.kt:106)
12-02 20:02:02.780  6006  6119 W System.err: 	at okhttp3.internal.connection.ExchangeFinder.find(ExchangeFinder.kt:74)
12-02 20:02:02.780  6006  6119 W System.err: 	at okhttp3.internal.connection.RealCall.initExchange$okhttp(RealCall.kt:255)
12-02 20:02:02.780  6006  6119 W System.err: 	at okhttp3.internal.connection.ConnectInterceptor.intercept(ConnectInterceptor.kt:32)
12-02 20:02:02.780  6006  6119 W System.err: 	at okhttp3.internal.http.RealInterceptorChain.proceed(RealInterceptorChain.kt:109)
12-02 20:02:02.780  6006  6119 W System.err: 	at okhttp3.internal.cache.CacheInterceptor.intercept(CacheInterceptor.kt:95)
12-02 20:02:02.780  6006  6119 W System.err: 	at okhttp3.internal.http.RealInterceptorChain.proceed(RealInterceptorChain.kt:109)
12-02 20:02:02.780  6006  6119 W System.err: 	at okhttp3.internal.http.BridgeInterceptor.intercept(BridgeInterceptor.kt:83)
12-02 20:02:02.780  6006  6119 W System.err: 	at okhttp3.internal.http.RealInterceptorChain.proceed(RealInterceptorChain.kt:109)
12-02 20:02:02.780  6006  6119 W System.err: 	at okhttp3.internal.http.RetryAndFollowUpInterceptor.intercept(RetryAndFollowUpInterceptor.kt:76)
12-02 20:02:02.780  6006  6119 W System.err: 	at okhttp3.internal.http.RealInterceptorChain.proceed(RealInterceptorChain.kt:109)
12-02 20:02:02.780  6006  6119 W System.err: 	at okhttp3.internal.connection.RealCall.getResponseWithInterceptorChain$okhttp(RealCall.kt:201)
12-02 20:02:02.780  6006  6119 W System.err: 	at okhttp3.internal.connection.RealCall$AsyncCall.run(RealCall.kt:517)
12-02 20:02:02.780  6006  6119 W System.err: 	at java.util.concurrent.ThreadPoolExecutor.runWorker(ThreadPoolExecutor.java:1167)
12-02 20:02:02.780  6006  6119 W System.err: 	at java.util.concurrent.ThreadPoolExecutor$Worker.run(ThreadPoolExecutor.java:641)
12-02 20:02:02.780  6006  6119 W System.err: 	at java.lang.Thread.run(Thread.java:923)
12-02 20:02:02.855  5880  6031 W android.vendin: Verification of void rsy.<clinit>() took 363.035ms (35.81 bytecodes/s) (848B approximate peak alloc)
12-02 20:02:02.872   399   455 I ActivityTaskManager: Displayed com.example.neuraldrive/androidx.test.core.app.InstrumentationActivityInvoker$EmptyActivity: +505ms
12-02 20:02:02.872   399  3684 W system_server: Long monitor contention with owner Binder:399_10 (1197) at int com.android.server.am.ActivityManagerService.bindIsolatedService(android.app.IApplicationThread, android.os.IBinder, android.content.Intent, java.lang.String, android.app.IServiceConnection, int, java.lang.String, java.lang.String, int)(ActivityManagerService.java:15116) waiters=0 in void com.android.server.am.ActivityManagerService.finishReceiver(android.os.IBinder, int, java.lang.String, android.os.Bundle, boolean, int) for 224ms
12-02 20:02:02.873  6006  6006 D LifecycleMonitor: Lifecycle status change: androidx.test.core.app.InstrumentationActivityInvoker$EmptyFloatingActivity@395982e in: DESTROYED
12-02 20:02:02.874   399  5508 W system_server: Long monitor contention with owner Binder:399_10 (1197) at int com.android.server.am.ActivityManagerService.bindIsolatedService(android.app.IApplicationThread, android.os.IBinder, android.content.Intent, java.lang.String, android.app.IServiceConnection, int, java.lang.String, java.lang.String, int)(ActivityManagerService.java:15116) waiters=1 in void com.android.server.am.ActivityManagerService$AppDeathRecipient.binderDied() for 460ms
12-02 20:02:02.874  6006  6006 V ActivityScenario: Activity lifecycle changed event received but ignored because the intent does not match. startActivityIntent=Intent { act=android.intent.action.MAIN cat=[android.intent.category.LAUNCHER] flg=0x10008000 cmp=com.example.neuraldrive/.MainActivity }, activity.getIntent()=Intent { act=android.intent.action.MAIN cat=[android.intent.category.LAUNCHER] flg=0x10000000 cmp=com.example.neuraldrive/androidx.test.core.app.InstrumentationActivityInvoker$EmptyFloatingActivity }, activity=androidx.test.core.app.InstrumentationActivityInvoker$EmptyFloatingActivity@395982e
12-02 20:02:02.907  6006  6018 I ple.neuraldriv: Background concurrent copying GC freed 62423(5315KB) AllocSpace objects, 79(1488KB) LOS objects, 24% free, 3646KB/4861KB, paused 68.341ms total 1.442s
12-02 20:02:03.006  6006  6006 D LifecycleMonitor: Lifecycle status change: androidx.test.core.app.InstrumentationActivityInvoker$EmptyActivity@7018592 in: PAUSED
12-02 20:02:03.013  6006  6006 V ActivityScenario: Activity lifecycle changed event received but ignored because the intent does not match. startActivityIntent=Intent { act=android.intent.action.MAIN cat=[android.intent.category.LAUNCHER] flg=0x10008000 cmp=com.example.neuraldrive/.MainActivity }, activity.getIntent()=Intent { act=android.intent.action.MAIN cat=[android.intent.category.LAUNCHER] flg=0x10000000 cmp=com.example.neuraldrive/androidx.test.core.app.InstrumentationActivityInvoker$EmptyActivity }, activity=androidx.test.core.app.InstrumentationActivityInvoker$EmptyActivity@7018592
12-02 20:02:03.025   399   409 I system_server: Background young concurrent copying GC freed 49168(3100KB) AllocSpace objects, 15(428KB) LOS objects, 19% free, 12MB/16MB, paused 1.594ms total 1.309s
12-02 20:02:03.036   399  1195 W InputReader: Device virtio_input_multi_touch_9 is associated with display ADISPLAY_ID_NONE.
12-02 20:02:03.036   399  1195 W InputReader: Device virtio_input_multi_touch_6 is associated with display ADISPLAY_ID_NONE.
12-02 20:02:03.036   399  1195 W InputReader: Device virtio_input_multi_touch_3 is associated with display ADISPLAY_ID_NONE.
12-02 20:02:03.036   399  1195 W InputReader: Device virtio_input_multi_touch_10 is associated with display ADISPLAY_ID_NONE.
12-02 20:02:03.037   399  1195 W InputReader: Device virtio_input_multi_touch_4 is associated with display ADISPLAY_ID_NONE.
12-02 20:02:03.037   399  1195 W InputReader: Device virtio_input_multi_touch_11 is associated with display ADISPLAY_ID_NONE.
12-02 20:02:03.037   399  1195 W InputReader: Device virtio_input_multi_touch_5 is associated with display ADISPLAY_ID_NONE.
12-02 20:02:03.037   399  1195 W InputReader: Device virtio_input_multi_touch_7 is associated with display ADISPLAY_ID_NONE.
12-02 20:02:03.037   399  1195 W InputReader: Device virtio_input_multi_touch_2 is associated with display ADISPLAY_ID_NONE.
12-02 20:02:03.037   399  1195 W InputReader: Device virtio_input_multi_touch_8 is associated with display ADISPLAY_ID_NONE.
12-02 20:02:03.037   399  1195 W InputReader: Device virtio_input_multi_touch_9 is associated with display ADISPLAY_ID_NONE.
12-02 20:02:03.037   399  1195 W InputReader: Device virtio_input_multi_touch_6 is associated with display ADISPLAY_ID_NONE.
12-02 20:02:03.037   399  1195 W InputReader: Device virtio_input_multi_touch_3 is associated with display ADISPLAY_ID_NONE.
12-02 20:02:03.038   399  1195 W InputReader: Device virtio_input_multi_touch_10 is associated with display ADISPLAY_ID_NONE.
12-02 20:02:03.038   399  1195 W InputReader: Device virtio_input_multi_touch_4 is associated with display ADISPLAY_ID_NONE.
12-02 20:02:03.038   399  1195 W InputReader: Device virtio_input_multi_touch_11 is associated with display ADISPLAY_ID_NONE.
12-02 20:02:03.038   399  1195 W InputReader: Device virtio_input_multi_touch_5 is associated with display ADISPLAY_ID_NONE.
12-02 20:02:03.038   399  1195 W InputReader: Device virtio_input_multi_touch_7 is associated with display ADISPLAY_ID_NONE.
12-02 20:02:03.038   399  1195 W InputReader: Device virtio_input_multi_touch_2 is associated with display ADISPLAY_ID_NONE.
12-02 20:02:03.038   399  1195 W InputReader: Device virtio_input_multi_touch_8 is associated with display ADISPLAY_ID_NONE.
12-02 20:02:03.148   590   590 D SysUI   : [FullViewHunStarter]detachWindow()
12-02 20:02:03.184  1108  5913 D WCS     : [SynchronousComplicationSessionController]onWatchFaceStateChanged isWfInteractive=true
12-02 20:02:03.188  6006  6006 I Choreographer: Skipped 36 frames!  The application may be doing too much work on its main thread.
12-02 20:02:03.228   203   203 I Zygote  : Process 5823 exited due to signal 9 (Killed)
12-02 20:02:03.237   590   590 W SysUI   : [LauncherDefaultRecentsCombiner]Unable to get ActivityDisplayInfo for {com.fitbit.FitbitMobile/com.fitbit.today.TodayMainActivity} attempting to fetch from ResolveInfo
12-02 20:02:03.237   590   590 W SysUI   : [LauncherDefaultRecentsCombiner]Unable to get ResolveInfo for {com.fitbit.FitbitMobile/com.fitbit.today.TodayMainActivity}, not able to add to default recents
12-02 20:02:03.239   590   590 W SysUI   : [LauncherDefaultRecentsCombiner]Unable to get ActivityDisplayInfo for {com.fitbit.FitbitMobile/com.fitbit.exercise.MainActivity} attempting to fetch from ResolveInfo
12-02 20:02:03.239   590   590 W SysUI   : [LauncherDefaultRecentsCombiner]Unable to get ResolveInfo for {com.fitbit.FitbitMobile/com.fitbit.exercise.MainActivity}, not able to add to default recents
12-02 20:02:03.244   590   590 W SysUI   : [LauncherDefaultRecentsCombiner]Unable to get ActivityDisplayInfo for {com.google.android.apps.youtube.music/com.google.android.apps.youtube.music.wear.WearMainActivity} attempting to fetch from ResolveInfo
12-02 20:02:03.244   590   590 W SysUI   : [LauncherDefaultRecentsCombiner]Unable to get ResolveInfo for {com.google.android.apps.youtube.music/com.google.android.apps.youtube.music.wear.WearMainActivity}, not able to add to default recents
12-02 20:02:03.245   590   590 W SysUI   : [LauncherDefaultRecentsCombiner]Unable to get ActivityDisplayInfo for {com.google.android.apps.messaging/com.google.android.apps.messaging.main.WearMainActivity} attempting to fetch from ResolveInfo
12-02 20:02:03.245   590   590 W SysUI   : [LauncherDefaultRecentsCombiner]Unable to get ResolveInfo for {com.google.android.apps.messaging/com.google.android.apps.messaging.main.WearMainActivity}, not able to add to default recents
12-02 20:02:03.246   590   590 W SysUI   : [LauncherDefaultRecentsCombiner]Unable to get ActivityDisplayInfo for {com.google.android.dialer/com.google.android.wearable.googledialer.launcher.impl.LauncherActivity} attempting to fetch from ResolveInfo
12-02 20:02:03.246   590   590 W SysUI   : [LauncherDefaultRecentsCombiner]Unable to get ResolveInfo for {com.google.android.dialer/com.google.android.wearable.googledialer.launcher.impl.LauncherActivity}, not able to add to default recents
12-02 20:02:03.246   590   590 W SysUI   : [LauncherDefaultRecentsCombiner]Unable to get ActivityDisplayInfo for {com.google.android.apps.safetyhub/com.google.android.wearable.safety.application.MainActivity} attempting to fetch from ResolveInfo
12-02 20:02:03.246   590   590 W SysUI   : [LauncherDefaultRecentsCombiner]Unable to get ResolveInfo for {com.google.android.apps.safetyhub/com.google.android.wearable.safety.application.MainActivity}, not able to add to default recents
12-02 20:02:03.247   590   590 W SysUI   : [LauncherDefaultRecentsCombiner]Unable to get ActivityDisplayInfo for {com.google.android.apps.maps/com.google.android.apps.gmmwearable.MainActivity} attempting to fetch from ResolveInfo
12-02 20:02:03.247   590   590 W SysUI   : [LauncherDefaultRecentsCombiner]Unable to get ResolveInfo for {com.google.android.apps.maps/com.google.android.apps.gmmwearable.MainActivity}, not able to add to default recents
12-02 20:02:03.247   590   590 D SysUI   : [PendingLauncherAppCombiner]loadAndMergeWithRecents + sessionInfo size:0
12-02 20:02:03.247   590   590 D SysUI   : [PendingLauncherAppCombiner]loadAndMergeWithAllApps + sessionInfo size:0
12-02 20:02:03.264  6006  6006 D LifecycleMonitor: Lifecycle status change: androidx.test.core.app.InstrumentationActivityInvoker$EmptyActivity@7018592 in: STOPPED
12-02 20:02:03.271  6006  6006 V ActivityScenario: Activity lifecycle changed event received but ignored because the intent does not match. startActivityIntent=Intent { act=android.intent.action.MAIN cat=[android.intent.category.LAUNCHER] flg=0x10008000 cmp=com.example.neuraldrive/.MainActivity }, activity.getIntent()=Intent { act=android.intent.action.MAIN cat=[android.intent.category.LAUNCHER] flg=0x10000000 cmp=com.example.neuraldrive/androidx.test.core.app.InstrumentationActivityInvoker$EmptyActivity }, activity=androidx.test.core.app.InstrumentationActivityInvoker$EmptyActivity@7018592
12-02 20:02:03.272  6006  6109 I System.out: [
12-02 20:02:03.276  6006  6119 W System.err: java.net.UnknownHostException: Unable to resolve host "258.54.87.52": No address associated with hostname
12-02 20:02:03.276  6006  6119 W System.err: 	at java.net.Inet6AddressImpl.lookupHostByName(Inet6AddressImpl.java:124)
12-02 20:02:03.276  6006  6119 W System.err: 	at java.net.Inet6AddressImpl.lookupAllHostAddr(Inet6AddressImpl.java:103)
12-02 20:02:03.276  6006  6119 W System.err: 	at java.net.InetAddress.getAllByName(InetAddress.java:1152)
12-02 20:02:03.277  6006  6119 W System.err: 	at okhttp3.Dns$Companion$DnsSystem.lookup(Dns.kt:49)
12-02 20:02:03.277  6006  6119 W System.err: 	at okhttp3.internal.connection.RouteSelector.resetNextInetSocketAddress(RouteSelector.kt:164)
12-02 20:02:03.277  6006  6119 W System.err: 	at okhttp3.internal.connection.RouteSelector.nextProxy(RouteSelector.kt:129)
12-02 20:02:03.277  6006  6119 W System.err: 	at okhttp3.internal.connection.RouteSelector.next(RouteSelector.kt:71)
12-02 20:02:03.277  6006  6119 W System.err: 	at okhttp3.internal.connection.ExchangeFinder.findConnection(ExchangeFinder.kt:205)
12-02 20:02:03.277  6006  6119 W System.err: 	at okhttp3.internal.connection.ExchangeFinder.findHealthyConnection(ExchangeFinder.kt:106)
12-02 20:02:03.277   590  1658 E SysUI   : [RecentTaskLauncherApp]Couldn't resolve any Activity for task TaskInfo{userId=0 stackId=46 taskId=46 displayId=0 isRunning=false baseIntent=Intent { act=android.intent.action.MAIN cat=[android.intent.category.LAUNCHER] flg=0x10000000 cmp=com.example.neuraldrive/androidx.test.core.app.InstrumentationActivityInvoker$EmptyFloatingActivity } baseActivity=null topActivity=null origActivity=null realActivity=ComponentInfo{com.example.neuraldrive/androidx.test.core.app.InstrumentationActivityInvoker$EmptyFloatingActivity} numActivities=0 lastActiveTime=3966871 supportsSplitScreenMultiWindow=false resizeMode=1 isResizeable=true token=android.window.WindowContainerToken@f278bf6 topActivityType=1 pictureInPictureParams=null topActivityInfo=null
12-02 20:02:03.277  6006  6119 W System.err: 	at okhttp3.internal.connection.ExchangeFinder.find(ExchangeFinder.kt:74)
12-02 20:02:03.277   590  1658 W SysUI   : [RecentTasksLauncherRepo]getRecentApps matched task with the only Launcher in the package TaskInfo{userId=0 stackId=46 taskId=46 displayId=0 isRunning=false baseIntent=Intent { act=android.intent.action.MAIN cat=[android.intent.category.LAUNCHER] flg=0x10000000 cmp=com.example.neuraldrive/androidx.test.core.app.InstrumentationActivityInvoker$EmptyFloatingActivity } baseActivity=null topActivity=null origActivity=null realActivity=ComponentInfo{com.example.neuraldrive/androidx.test.core.app.InstrumentationActivityInvoker$EmptyFloatingActivity} numActivities=0 lastActiveTime=3966871 supportsSplitScreenMultiWindow=false resizeMode=1 isResizeable=true token=android.window.WindowContainerToken@f278bf6 topActivityType=1 pictureInPictureParams=null topActivityInfo=null == ActivityLauncherApp{label=NeuralDrive, recent=false, timeLastUsedMs=0, info=android.content.pm.LauncherActivityInfo@4af26dd, iconSupplier=cds@8591252}
12-02 20:02:03.277  6006  6119 W System.err: 	at okhttp3.internal.connection.RealCall.initExchange$okhttp(RealCall.kt:255)
12-02 20:02:03.277  6006  6119 W System.err: 	at okhttp3.internal.connection.ConnectInterceptor.intercept(ConnectInterceptor.kt:32)
12-02 20:02:03.277  6006  6119 W System.err: 	at okhttp3.internal.http.RealInterceptorChain.proceed(RealInterceptorChain.kt:109)
12-02 20:02:03.277  6006  6119 W System.err: 	at okhttp3.internal.cache.CacheInterceptor.intercept(CacheInterceptor.kt:95)
12-02 20:02:03.277  6006  6119 W System.err: 	at okhttp3.internal.http.RealInterceptorChain.proceed(RealInterceptorChain.kt:109)
12-02 20:02:03.277   590  1658 D SysUI   : [PrimesSysHealthLogger]Timer GLOBAL_LAUNCHER_LOAD_RECENT_TASKS_TIME took 40 ms
12-02 20:02:03.277  6006  6119 W System.err: 	at okhttp3.internal.http.BridgeInterceptor.intercept(BridgeInterceptor.kt:83)
12-02 20:02:03.277  6006  6119 W System.err: 	at okhttp3.internal.http.RealInterceptorChain.proceed(RealInterceptorChain.kt:109)
12-02 20:02:03.277  6006  6119 W System.err: 	at okhttp3.internal.http.RetryAndFollowUpInterceptor.intercept(RetryAndFollowUpInterceptor.kt:76)
12-02 20:02:03.278  6006  6119 W System.err: 	at okhttp3.internal.http.RealInterceptorChain.proceed(RealInterceptorChain.kt:109)
12-02 20:02:03.278  6006  6119 W System.err: 	at okhttp3.internal.connection.RealCall.getResponseWithInterceptorChain$okhttp(RealCall.kt:201)
12-02 20:02:03.278  6006  6119 W System.err: 	at okhttp3.internal.connection.RealCall$AsyncCall.run(RealCall.kt:517)
12-02 20:02:03.278  6006  6119 W System.err: 	at java.util.concurrent.ThreadPoolExecutor.runWorker(ThreadPoolExecutor.java:1167)
12-02 20:02:03.278  6006  6119 W System.err: 	at java.util.concurrent.ThreadPoolExecutor$Worker.run(ThreadPoolExecutor.java:641)
12-02 20:02:03.278  6006  6119 W System.err: 	at java.lang.Thread.run(Thread.java:923)
12-02 20:02:03.280   590  5940 D SysUI   : [PrimesSysHealthLogger]Timer GLOBAL_LAUNCHER_MERGE_ONGOING_ACTIVITIES_TIME took 1 ms
12-02 20:02:03.280  5880  6035 W android.vendin: Verification of void kdz.l(java.util.concurrent.atomic.AtomicBoolean, fvb, boolean, fvo, fvg, fvh, long, int, android.net.Uri, java.util.concurrent.Exchanger) took 358.154ms (890.68 bytecodes/s) (7192B approximate peak alloc)
12-02 20:02:03.311  6006  6006 D LifecycleMonitor: Lifecycle status change: androidx.test.core.app.InstrumentationActivityInvoker$EmptyActivity@7018592 in: DESTROYED
12-02 20:02:03.312  6006  6006 V ActivityScenario: Activity lifecycle changed event received but ignored because the intent does not match. startActivityIntent=Intent { act=android.intent.action.MAIN cat=[android.intent.category.LAUNCHER] flg=0x10008000 cmp=com.example.neuraldrive/.MainActivity }, activity.getIntent()=Intent { act=android.intent.action.MAIN cat=[android.intent.category.LAUNCHER] flg=0x10000000 cmp=com.example.neuraldrive/androidx.test.core.app.InstrumentationActivityInvoker$EmptyActivity }, activity=androidx.test.core.app.InstrumentationActivityInvoker$EmptyActivity@7018592
12-02 20:02:03.320   740  5874 I NetworkScheduler.Stats: Task com.google.android.gms/com.google.android.gms.tapandpay.gcmtask.TapAndPayGcmTaskService started execution. cause:5 exec_start_elapsed_seconds: 3967 [CONTEXT service_id=218 ]
12-02 20:02:03.372  6006  6067 I TestRunner: finished: textIsCorrectAfterFiveSeconds(com.example.neuraldrive.MainActivityTests)
