12-02 20:02:03.401  6006  6067 I TestRunner: started: initialTextIsCorrect(com.example.neuraldrive.MainActivityTests)
12-02 20:02:03.499  5880  6035 W android.vendin: Verification of rig kdz.r(fvc) took 218.692ms (210.34 bytecodes/s) (1400B approximate peak alloc)
12-02 20:02:03.516  6079  6113 I ding:backgroun: Waiting for a blocking GC ProfileSaver
12-02 20:02:03.526  6079  6113 I ding:backgroun: WaitForGcToComplete blocked ProfileSaver on RunEmptyCheckpoint for 9.879ms
12-02 20:02:03.263   399   458 I libprocessgroup: Successfully killed process cgroup uid 1000 pid 5823 in 140ms
12-02 20:02:03.614  5880  6035 I Finsky  : [516] igs.o(8): Invalidating cached PackageState for com.android.vending
12-02 20:02:03.772  6006  6109 I System.out: [
12-02 20:02:03.780  6006  6119 W System.err: java.net.UnknownHostException: Unable to resolve host "258.54.87.52": No address associated with hostname
12-02 20:02:03.780  6006  6119 W System.err: 	at java.net.Inet6AddressImpl.lookupHostByName(Inet6AddressImpl.java:124)
12-02 20:02:03.784  6006  6119 W System.err: 	at java.net.Inet6AddressImpl.lookupAllHostAddr(Inet6AddressImpl.java:103)
12-02 20:02:03.792   740  5875 I NetworkScheduler.Stats: Task com.google.android.gms/com.google.android.gms.tapandpay.gcmtask.TapAndPayGcmTaskService finished executing. cause:5 result: 1 elapsed_millis: 865 uptime_millis: 865 exec_start_elapsed_seconds: 3967 [CONTEXT service_id=218 ]
12-02 20:02:03.793  6006  6119 W System.err: 	at java.net.InetAddress.getAllByName(InetAddress.java:1152)
12-02 20:02:03.794  6006  6119 W System.err: 	at okhttp3.Dns$Companion$DnsSystem.lookup(Dns.kt:49)
12-02 20:02:03.795  6006  6119 W System.err: 	at okhttp3.internal.connection.RouteSelector.resetNextInetSocketAddress(RouteSelector.kt:164)
12-02 20:02:03.795  6006  6119 W System.err: 	at okhttp3.internal.connection.RouteSelector.nextProxy(RouteSelector.kt:129)
12-02 20:02:03.795  6006  6119 W System.err: 	at okhttp3.internal.connection.RouteSelector.next(RouteSelector.kt:71)
12-02 20:02:03.796  6006  6119 W System.err: 	at okhttp3.internal.connection.ExchangeFinder.findConnection(ExchangeFinder.kt:205)
12-02 20:02:03.796  6006  6119 W System.err: 	at okhttp3.internal.connection.ExchangeFinder.findHealthyConnection(ExchangeFinder.kt:106)
12-02 20:02:03.796  6006  6119 W System.err: 	at okhttp3.internal.connection.ExchangeFinder.find(ExchangeFinder.kt:74)
12-02 20:02:03.796  6006  6119 W System.err: 	at okhttp3.internal.connection.RealCall.initExchange$okhttp(RealCall.kt:255)
12-02 20:02:03.796  6006  6119 W System.err: 	at okhttp3.internal.connection.ConnectInterceptor.intercept(ConnectInterceptor.kt:32)
12-02 20:02:03.796  6006  6119 W System.err: 	at okhttp3.internal.http.RealInterceptorChain.proceed(RealInterceptorChain.kt:109)
12-02 20:02:03.796  6006  6119 W System.err: 	at okhttp3.internal.cache.CacheInterceptor.intercept(CacheInterceptor.kt:95)
12-02 20:02:03.796  6006  6119 W System.err: 	at okhttp3.internal.http.RealInterceptorChain.proceed(RealInterceptorChain.kt:109)
12-02 20:02:03.796  6006  6119 W System.err: 	at okhttp3.internal.http.BridgeInterceptor.intercept(BridgeInterceptor.kt:83)
12-02 20:02:03.796  6006  6119 W System.err: 	at okhttp3.internal.http.RealInterceptorChain.proceed(RealInterceptorChain.kt:109)
12-02 20:02:03.796  6006  6119 W System.err: 	at okhttp3.internal.http.RetryAndFollowUpInterceptor.intercept(RetryAndFollowUpInterceptor.kt:76)
12-02 20:02:03.796  6006  6119 W System.err: 	at okhttp3.internal.http.RealInterceptorChain.proceed(RealInterceptorChain.kt:109)
12-02 20:02:03.796  6006  6119 W System.err: 	at okhttp3.internal.connection.RealCall.getResponseWithInterceptorChain$okhttp(RealCall.kt:201)
12-02 20:02:03.796  6006  6119 W System.err: 	at okhttp3.internal.connection.RealCall$AsyncCall.run(RealCall.kt:517)
12-02 20:02:03.801  6006  6119 W System.err: 	at java.util.concurrent.ThreadPoolExecutor.runWorker(ThreadPoolExecutor.java:1167)
12-02 20:02:03.802  6006  6119 W System.err: 	at java.util.concurrent.ThreadPoolExecutor$Worker.run(ThreadPoolExecutor.java:641)
12-02 20:02:03.802  6006  6119 W System.err: 	at java.lang.Thread.run(Thread.java:923)
12-02 20:02:03.970  5880  6058 I Finsky  : [537] gec.run(12): Wrote row to frosting DB: 227
12-02 20:02:04.162  6079  6079 I Finsky:background: [2] jdl.q(20): Finished reading experiment flags from file [0tGUNCGIkbk4o6-fQ335kUYSKwVj4lusnHT-A5Dsy08].
12-02 20:02:04.212   740  5874 I NetworkScheduler.Stats: Task com.google.android.gms/com.google.android.gms.clearcut.uploader.QosUploaderService started execution. cause:5 exec_start_elapsed_seconds: 3968 [CONTEXT service_id=218 ]
12-02 20:02:04.220  5880  6031 I Finsky  : [512] fmn.a(77): System was updated or GL extensions were already cached.
12-02 20:02:04.271  6006  6109 I System.out: [
12-02 20:02:04.274  6006  6119 W System.err: java.net.UnknownHostException: Unable to resolve host "258.54.87.52": No address associated with hostname
12-02 20:02:04.274  6006  6119 W System.err: 	at java.net.Inet6AddressImpl.lookupHostByName(Inet6AddressImpl.java:124)
12-02 20:02:04.274  6006  6119 W System.err: 	at java.net.Inet6AddressImpl.lookupAllHostAddr(Inet6AddressImpl.java:103)
12-02 20:02:04.274  6006  6119 W System.err: 	at java.net.InetAddress.getAllByName(InetAddress.java:1152)
12-02 20:02:04.274  6006  6119 W System.err: 	at okhttp3.Dns$Companion$DnsSystem.lookup(Dns.kt:49)
12-02 20:02:04.274  6006  6119 W System.err: 	at okhttp3.internal.connection.RouteSelector.resetNextInetSocketAddress(RouteSelector.kt:164)
12-02 20:02:04.274  6006  6119 W System.err: 	at okhttp3.internal.connection.RouteSelector.nextProxy(RouteSelector.kt:129)
12-02 20:02:04.274  6006  6119 W System.err: 	at okhttp3.internal.connection.RouteSelector.next(RouteSelector.kt:71)
12-02 20:02:04.274  6006  6119 W System.err: 	at okhttp3.internal.connection.ExchangeFinder.findConnection(ExchangeFinder.kt:205)
12-02 20:02:04.274  6006  6119 W System.err: 	at okhttp3.internal.connection.ExchangeFinder.findHealthyConnection(ExchangeFinder.kt:106)
12-02 20:02:04.274  6006  6119 W System.err: 	at okhttp3.internal.connection.ExchangeFinder.find(ExchangeFinder.kt:74)
12-02 20:02:04.274  6006  6119 W System.err: 	at okhttp3.internal.connection.RealCall.initExchange$okhttp(RealCall.kt:255)
12-02 20:02:04.274  6006  6119 W System.err: 	at okhttp3.internal.connection.ConnectInterceptor.intercept(ConnectInterceptor.kt:32)
12-02 20:02:04.275  6006  6119 W System.err: 	at okhttp3.internal.http.RealInterceptorChain.proceed(RealInterceptorChain.kt:109)
12-02 20:02:04.275  6006  6119 W System.err: 	at okhttp3.internal.cache.CacheInterceptor.intercept(CacheInterceptor.kt:95)
12-02 20:02:04.275  6006  6119 W System.err: 	at okhttp3.internal.http.RealInterceptorChain.proceed(RealInterceptorChain.kt:109)
12-02 20:02:04.275  6006  6119 W System.err: 	at okhttp3.internal.http.BridgeInterceptor.intercept(BridgeInterceptor.kt:83)
12-02 20:02:04.275  6006  6119 W System.err: 	at okhttp3.internal.http.RealInterceptorChain.proceed(RealInterceptorChain.kt:109)
12-02 20:02:04.275  6006  6119 W System.err: 	at okhttp3.internal.http.RetryAndFollowUpInterceptor.intercept(RetryAndFollowUpInterceptor.kt:76)
12-02 20:02:04.275  6006  6119 W System.err: 	at okhttp3.internal.http.RealInterceptorChain.proceed(RealInterceptorChain.kt:109)
12-02 20:02:04.275  6006  6119 W System.err: 	at okhttp3.internal.connection.RealCall.getResponseWithInterceptorChain$okhttp(RealCall.kt:201)
12-02 20:02:04.275  6006  6119 W System.err: 	at okhttp3.internal.connection.RealCall$AsyncCall.run(RealCall.kt:517)
12-02 20:02:04.275  6006  6119 W System.err: 	at java.util.concurrent.ThreadPoolExecutor.runWorker(ThreadPoolExecutor.java:1167)
12-02 20:02:04.275  6006  6119 W System.err: 	at java.util.concurrent.ThreadPoolExecutor$Worker.run(ThreadPoolExecutor.java:641)
12-02 20:02:04.275  6006  6119 W System.err: 	at java.lang.Thread.run(Thread.java:923)
12-02 20:02:04.311   790  1662 E DatabaseUtils: Writing exception to parcel
12-02 20:02:04.311   790  1662 E DatabaseUtils: java.lang.SecurityException: No permission to access APN settings
12-02 20:02:04.311   790  1662 E DatabaseUtils: 	at com.android.providers.telephony.TelephonyProvider.checkPermission(TelephonyProvider.java:3947)
12-02 20:02:04.311   790  1662 E DatabaseUtils: 	at com.android.providers.telephony.TelephonyProvider.checkPermissionCompat(TelephonyProvider.java:3964)
12-02 20:02:04.311   790  1662 E DatabaseUtils: 	at com.android.providers.telephony.TelephonyProvider.query(TelephonyProvider.java:2927)
12-02 20:02:04.311   790  1662 E DatabaseUtils: 	at android.content.ContentProvider.query(ContentProvider.java:1379)
12-02 20:02:04.311   790  1662 E DatabaseUtils: 	at android.content.ContentProvider.query(ContentProvider.java:1475)
12-02 20:02:04.311   790  1662 E DatabaseUtils: 	at android.content.ContentProvider$Transport.query(ContentProvider.java:278)
12-02 20:02:04.311   790  1662 E DatabaseUtils: 	at android.content.ContentProviderNative.onTransact(ContentProviderNative.java:106)
12-02 20:02:04.311   790  1662 E DatabaseUtils: 	at android.os.Binder.execTransactInternal(Binder.java:1154)
12-02 20:02:04.311   790  1662 E DatabaseUtils: 	at android.os.Binder.execTransact(Binder.java:1123)
12-02 20:02:04.312  5880  6031 W Finsky  : [512] few.a(24): Failed to read APN: java.lang.SecurityException: No permission to access APN settings
12-02 20:02:04.332   740  5873 W Conscrypt: Could not set socket write timeout: java.net.SocketException: Socket closed
12-02 20:02:04.336   740  5873 W Conscrypt: 	at com.google.android.gms.org.conscrypt.Platform.setSocketWriteTimeout(:com.google.android.gms@224417081@22.44.17 (220700-488410709):2)
12-02 20:02:04.337   740  5873 W Conscrypt: 	at com.google.android.gms.org.conscrypt.ConscryptFileDescriptorSocket.setSoWriteTimeout(:com.google.android.gms@224417081@22.44.17 (220700-488410709):0)
12-02 20:02:04.347  5880  6031 I Finsky  : [512] ijh.h(1): Triggered update for experiment package com.google.android.finsky.stable.
12-02 20:02:04.460   740   748 I .gms.persisten: Background concurrent copying GC freed 63719(3216KB) AllocSpace objects, 8(288KB) LOS objects, 24% free, 10MB/13MB, paused 9.431ms total 182.626ms
12-02 20:02:04.487  6079  6079 I Finsky:background: [2] jdl.q(20): Finished reading experiment flags from file [Se-xCc4LzNyh3UrKMIU2sUf-PUKz4oQEbpKZDMuaFno].
12-02 20:02:04.712  5880  6110 E PhenotypeCombinedFlags: Config package com.google.android.gms.phenotype cannot use PROCESS_STABLE backing without declarative registration. See go/phenotype-android-integration#phenotype for more information. This will lead to stale flags.
12-02 20:02:04.712   740  5873 W Conscrypt: Could not set socket write timeout: java.net.SocketException: Socket closed
12-02 20:02:04.712   740  5873 W Conscrypt: 	at com.google.android.gms.org.conscrypt.Platform.setSocketWriteTimeout(:com.google.android.gms@224417081@22.44.17 (220700-488410709):2)
12-02 20:02:04.712   740  5873 W Conscrypt: 	at com.google.android.gms.org.conscrypt.ConscryptFileDescriptorSocket.setSoWriteTimeout(:com.google.android.gms@224417081@22.44.17 (220700-488410709):0)
12-02 20:02:04.715  5880  5972 I SnapshotHandler: Unable to retrieve flag snapshot for com.google.android.gms.phenotype, using defaults.
12-02 20:02:04.749  5880  6110 E PhenotypeCombinedFlags: Config package com.google.android.gms.phenotype cannot use PROCESS_STABLE backing without declarative registration. See go/phenotype-android-integration#phenotype for more information. This will lead to stale flags.
12-02 20:02:04.762  6006  6067 W Settings: Setting always_finish_activities has moved from android.provider.Settings.System to android.provider.Settings.Global, returning read-only value.
12-02 20:02:04.773  6006  6109 I System.out: [
12-02 20:02:04.791  6079  6079 I Finsky:background: [2] hmc.onCreate(2): IPC-SERVER: Starting gRPC host service...
12-02 20:02:04.865   399  1197 W InputReader: Device virtio_input_multi_touch_9 is associated with display ADISPLAY_ID_NONE.
12-02 20:02:04.866   399  1197 W InputReader: Device virtio_input_multi_touch_6 is associated with display ADISPLAY_ID_NONE.
12-02 20:02:04.866   399  1197 W InputReader: Device virtio_input_multi_touch_3 is associated with display ADISPLAY_ID_NONE.
12-02 20:02:04.866   399  1197 W InputReader: Device virtio_input_multi_touch_10 is associated with display ADISPLAY_ID_NONE.
12-02 20:02:04.866   399  1197 W InputReader: Device virtio_input_multi_touch_4 is associated with display ADISPLAY_ID_NONE.
12-02 20:02:04.866   399  1197 W InputReader: Device virtio_input_multi_touch_11 is associated with display ADISPLAY_ID_NONE.
12-02 20:02:04.866   399  1197 W InputReader: Device virtio_input_multi_touch_5 is associated with display ADISPLAY_ID_NONE.
12-02 20:02:04.866   399  1197 W InputReader: Device virtio_input_multi_touch_7 is associated with display ADISPLAY_ID_NONE.
12-02 20:02:04.866   399  1197 W InputReader: Device virtio_input_multi_touch_2 is associated with display ADISPLAY_ID_NONE.
12-02 20:02:04.866   399  1197 W InputReader: Device virtio_input_multi_touch_8 is associated with display ADISPLAY_ID_NONE.
12-02 20:02:04.868   399  1197 W InputReader: Device virtio_input_multi_touch_9 is associated with display ADISPLAY_ID_NONE.
12-02 20:02:04.868   399  1197 W InputReader: Device virtio_input_multi_touch_6 is associated with display ADISPLAY_ID_NONE.
12-02 20:02:04.868   399  1197 W InputReader: Device virtio_input_multi_touch_3 is associated with display ADISPLAY_ID_NONE.
12-02 20:02:04.868   399  1197 W InputReader: Device virtio_input_multi_touch_10 is associated with display ADISPLAY_ID_NONE.
12-02 20:02:04.868   399  1197 W InputReader: Device virtio_input_multi_touch_4 is associated with display ADISPLAY_ID_NONE.
12-02 20:02:04.869   399  1197 W InputReader: Device virtio_input_multi_touch_11 is associated with display ADISPLAY_ID_NONE.
12-02 20:02:04.869   399  1197 W InputReader: Device virtio_input_multi_touch_5 is associated with display ADISPLAY_ID_NONE.
12-02 20:02:04.869   399  1197 W InputReader: Device virtio_input_multi_touch_7 is associated with display ADISPLAY_ID_NONE.
12-02 20:02:04.870   399  1197 W InputReader: Device virtio_input_multi_touch_2 is associated with display ADISPLAY_ID_NONE.
12-02 20:02:04.870   399  1197 W InputReader: Device virtio_input_multi_touch_8 is associated with display ADISPLAY_ID_NONE.
12-02 20:02:04.916  6006  6119 W System.err: java.net.UnknownHostException: Unable to resolve host "258.54.87.52": No address associated with hostname
12-02 20:02:04.921  6006  6119 W System.err: 	at java.net.Inet6AddressImpl.lookupHostByName(Inet6AddressImpl.java:156)
12-02 20:02:04.921  6006  6119 W System.err: 	at java.net.Inet6AddressImpl.lookupAllHostAddr(Inet6AddressImpl.java:103)
12-02 20:02:04.961   221   255 D goldfish-address-space: claimShared: Ask to claim region [0x3fe382000 0x3fe44c000]
12-02 20:02:04.970  6006  6119 W System.err: 	at java.net.InetAddress.getAllByName(InetAddress.java:1152)
12-02 20:02:04.970  6006  6006 D LifecycleMonitor: Lifecycle status change: com.example.neuraldrive.MainActivity@9cc4ef9 in: PRE_ON_CREATE
12-02 20:02:04.970  6006  6119 W System.err: 	at okhttp3.Dns$Companion$DnsSystem.lookup(Dns.kt:49)
12-02 20:02:04.970  6006  6119 W System.err: 	at okhttp3.internal.connection.RouteSelector.resetNextInetSocketAddress(RouteSelector.kt:164)
12-02 20:02:04.970  6006  6119 W System.err: 	at okhttp3.internal.connection.RouteSelector.nextProxy(RouteSelector.kt:129)
12-02 20:02:04.970  6006  6119 W System.err: 	at okhttp3.internal.connection.RouteSelector.next(RouteSelector.kt:71)
12-02 20:02:04.971  6006  6119 W System.err: 	at okhttp3.internal.connection.ExchangeFinder.findConnection(ExchangeFinder.kt:205)
12-02 20:02:04.971  6006  6119 W System.err: 	at okhttp3.internal.connection.ExchangeFinder.findHealthyConnection(ExchangeFinder.kt:106)
12-02 20:02:04.971  6006  6006 V ActivityScenario: Activity lifecycle changed event received but ignored because the reported transition was not ON_CREATE while the last known transition was PRE_ON_CREATE
12-02 20:02:04.971  6006  6119 W System.err: 	at okhttp3.internal.connection.ExchangeFinder.find(ExchangeFinder.kt:74)
12-02 20:02:04.971  6006  6119 W System.err: 	at okhttp3.internal.connection.RealCall.initExchange$okhttp(RealCall.kt:255)
12-02 20:02:04.971  6006  6119 W System.err: 	at okhttp3.internal.connection.ConnectInterceptor.intercept(ConnectInterceptor.kt:32)
12-02 20:02:04.971  6006  6119 W System.err: 	at okhttp3.internal.http.RealInterceptorChain.proceed(RealInterceptorChain.kt:109)
12-02 20:02:04.971  6006  6119 W System.err: 	at okhttp3.internal.cache.CacheInterceptor.intercept(CacheInterceptor.kt:95)
12-02 20:02:04.971  6006  6119 W System.err: 	at okhttp3.internal.http.RealInterceptorChain.proceed(RealInterceptorChain.kt:109)
12-02 20:02:04.971  6006  6119 W System.err: 	at okhttp3.internal.http.BridgeInterceptor.intercept(BridgeInterceptor.kt:83)
12-02 20:02:04.971  6006  6119 W System.err: 	at okhttp3.internal.http.RealInterceptorChain.proceed(RealInterceptorChain.kt:109)
12-02 20:02:04.971  6006  6119 W System.err: 	at okhttp3.internal.http.RetryAndFollowUpInterceptor.intercept(RetryAndFollowUpInterceptor.kt:76)
12-02 20:02:04.971  6006  6119 W System.err: 	at okhttp3.internal.http.RealInterceptorChain.proceed(RealInterceptorChain.kt:109)
12-02 20:02:04.972  6006  6119 W System.err: 	at okhttp3.internal.connection.RealCall.getResponseWithInterceptorChain$okhttp(RealCall.kt:201)
12-02 20:02:04.972  6006  6119 W System.err: 	at okhttp3.internal.connection.RealCall$AsyncCall.run(RealCall.kt:517)
12-02 20:02:04.972  6006  6119 W System.err: 	at java.util.concurrent.ThreadPoolExecutor.runWorker(ThreadPoolExecutor.java:1167)
12-02 20:02:04.972  6006  6119 W System.err: 	at java.util.concurrent.ThreadPoolExecutor$Worker.run(ThreadPoolExecutor.java:641)
12-02 20:02:04.972  6006  6119 W System.err: 	at java.lang.Thread.run(Thread.java:923)
12-02 20:02:04.972  6006  6119 W System.err: Caused by: android.system.GaiException: android_getaddrinfo failed: EAI_NODATA (No address associated with hostname)
12-02 20:02:04.972  6006  6119 W System.err: 	at libcore.io.Linux.android_getaddrinfo(Native Method)
12-02 20:02:04.972  6006  6119 W System.err: 	at libcore.io.ForwardingOs.android_getaddrinfo(ForwardingOs.java:73)
12-02 20:02:04.972  6006  6119 W System.err: 	at libcore.io.BlockGuardOs.android_getaddrinfo(BlockGuardOs.java:202)
12-02 20:02:04.972  6006  6119 W System.err: 	at libcore.io.ForwardingOs.android_getaddrinfo(ForwardingOs.java:73)
12-02 20:02:04.972  6006  6119 W System.err: 	at java.net.Inet6AddressImpl.lookupHostByName(Inet6AddressImpl.java:135)
12-02 20:02:04.972  6006  6119 W System.err: 	... 23 more
12-02 20:02:05.034  6006  6006 D ContentValues: ALREADY GRANTED
12-02 20:02:05.055  6006  6006 D LifecycleMonitor: Lifecycle status change: com.example.neuraldrive.MainActivity@9cc4ef9 in: CREATED
12-02 20:02:05.055  6006  6006 V ActivityScenario: Update currentActivityStage to CREATED, currentActivity=com.example.neuraldrive.MainActivity@9cc4ef9
12-02 20:02:05.063  5880  5972 D PhenotypeDbHelper: Enabled write-ahead logging
12-02 20:02:05.074   590   590 W SysUI   : [LauncherDefaultRecentsCombiner]Unable to get ActivityDisplayInfo for {com.fitbit.FitbitMobile/com.fitbit.today.TodayMainActivity} attempting to fetch from ResolveInfo
12-02 20:02:05.074   590   590 W SysUI   : [LauncherDefaultRecentsCombiner]Unable to get ResolveInfo for {com.fitbit.FitbitMobile/com.fitbit.today.TodayMainActivity}, not able to add to default recents
12-02 20:02:05.077   590   590 W SysUI   : [LauncherDefaultRecentsCombiner]Unable to get ActivityDisplayInfo for {com.fitbit.FitbitMobile/com.fitbit.exercise.MainActivity} attempting to fetch from ResolveInfo
12-02 20:02:05.078   590   590 W SysUI   : [LauncherDefaultRecentsCombiner]Unable to get ResolveInfo for {com.fitbit.FitbitMobile/com.fitbit.exercise.MainActivity}, not able to add to default recents
12-02 20:02:05.080   590   590 W SysUI   : [LauncherDefaultRecentsCombiner]Unable to get ActivityDisplayInfo for {com.google.android.apps.youtube.music/com.google.android.apps.youtube.music.wear.WearMainActivity} attempting to fetch from ResolveInfo
12-02 20:02:05.080   590   590 W SysUI   : [LauncherDefaultRecentsCombiner]Unable to get ResolveInfo for {com.google.android.apps.youtube.music/com.google.android.apps.youtube.music.wear.WearMainActivity}, not able to add to default recents
12-02 20:02:05.081   590   590 W SysUI   : [LauncherDefaultRecentsCombiner]Unable to get ActivityDisplayInfo for {com.google.android.apps.messaging/com.google.android.apps.messaging.main.WearMainActivity} attempting to fetch from ResolveInfo
12-02 20:02:05.081   590   590 W SysUI   : [LauncherDefaultRecentsCombiner]Unable to get ResolveInfo for {com.google.android.apps.messaging/com.google.android.apps.messaging.main.WearMainActivity}, not able to add to default recents
12-02 20:02:05.083  6006  6006 D LifecycleMonitor: Lifecycle status change: com.example.neuraldrive.MainActivity@9cc4ef9 in: STARTED
12-02 20:02:05.084  6006  6006 V ActivityScenario: Update currentActivityStage to STARTED, currentActivity=com.example.neuraldrive.MainActivity@9cc4ef9
12-02 20:02:05.115   590  1658 W SysUI   : [RecentTasksLauncherRepo]getRecentApps matched with a Launcher Activity in the task TaskInfo{userId=0 stackId=47 taskId=47 displayId=0 isRunning=true baseIntent=Intent { act=android.intent.action.MAIN cat=[android.intent.category.LAUNCHER] flg=0x10008000 cmp=com.example.neuraldrive/.MainActivity } baseActivity=ComponentInfo{com.example.neuraldrive/com.example.neuraldrive.MainActivity} topActivity=ComponentInfo{com.example.neuraldrive/com.example.neuraldrive.MainActivity} origActivity=null realActivity=ComponentInfo{com.example.neuraldrive/com.example.neuraldrive.MainActivity} numActivities=1 lastActiveTime=3969177 supportsSplitScreenMultiWindow=false resizeMode=1 isResizeable=true token=android.window.WindowContainerToken@8798ad9 topActivityType=1 pictureInPictureParams=null topActivityInfo=ActivityInfo{e46c9e com.example.neuraldrive.MainActivity} == ActivityLauncherApp{label=NeuralDrive, recent=false, timeLastUsedMs=0, info=android.content.pm.LauncherActivityInfo@4af26dd, iconSupplier=cds@8591252}
12-02 20:02:05.116   590  1658 D SysUI   : [PrimesSysHealthLogger]Timer GLOBAL_LAUNCHER_LOAD_RECENT_TASKS_TIME took 134 ms
12-02 20:02:05.117   590   590 W SysUI   : [LauncherDefaultRecentsCombiner]Unable to get ActivityDisplayInfo for {com.google.android.dialer/com.google.android.wearable.googledialer.launcher.impl.LauncherActivity} attempting to fetch from ResolveInfo
12-02 20:02:05.118   590   590 W SysUI   : [LauncherDefaultRecentsCombiner]Unable to get ResolveInfo for {com.google.android.dialer/com.google.android.wearable.googledialer.launcher.impl.LauncherActivity}, not able to add to default recents
12-02 20:02:05.136   590   590 W SysUI   : [LauncherDefaultRecentsCombiner]Unable to get ActivityDisplayInfo for {com.google.android.apps.safetyhub/com.google.android.wearable.safety.application.MainActivity} attempting to fetch from ResolveInfo
12-02 20:02:05.136   590   590 W SysUI   : [LauncherDefaultRecentsCombiner]Unable to get ResolveInfo for {com.google.android.apps.safetyhub/com.google.android.wearable.safety.application.MainActivity}, not able to add to default recents
12-02 20:02:05.148  6006  6210 I System.out: [
12-02 20:02:05.138   590   590 W SysUI   : [LauncherDefaultRecentsCombiner]Unable to get ActivityDisplayInfo for {com.google.android.apps.maps/com.google.android.apps.gmmwearable.MainActivity} attempting to fetch from ResolveInfo
12-02 20:02:05.151   590   590 W SysUI   : [LauncherDefaultRecentsCombiner]Unable to get ResolveInfo for {com.google.android.apps.maps/com.google.android.apps.gmmwearable.MainActivity}, not able to add to default recents
12-02 20:02:05.277  6006  6109 I System.out: [
12-02 20:02:05.284   590   590 D SysUI   : [PendingLauncherAppCombiner]loadAndMergeWithRecents + sessionInfo size:0
12-02 20:02:05.284   590   590 D SysUI   : [PendingLauncherAppCombiner]loadAndMergeWithAllApps + sessionInfo size:0
12-02 20:02:05.288   399  1195 W system_server: Long monitor contention with owner Binder:399_1F (5508) at void com.android.server.am.ProcessRecord.setPendingUiClean(boolean)(ProcessRecord.java:1435) waiters=0 in android.content.Intent com.android.server.am.ActivityManagerService.registerReceiverWithFeature(android.app.IApplicationThread, java.lang.String, java.lang.String, android.content.IIntentReceiver, android.content.IntentFilter, java.lang.String, int, int) for 178ms
12-02 20:02:05.285  6006  6119 W System.err: java.net.UnknownHostException: Unable to resolve host "258.54.87.52": No address associated with hostname
12-02 20:02:05.295  6006  6006 D LifecycleMonitor: Lifecycle status change: com.example.neuraldrive.MainActivity@9cc4ef9 in: RESUMED
12-02 20:02:05.295  6006  6119 W System.err: 	at java.net.Inet6AddressImpl.lookupHostByName(Inet6AddressImpl.java:124)
12-02 20:02:05.295  6006  6119 W System.err: 	at java.net.Inet6AddressImpl.lookupAllHostAddr(Inet6AddressImpl.java:103)
12-02 20:02:05.295  6006  6119 W System.err: 	at java.net.InetAddress.getAllByName(InetAddress.java:1152)
12-02 20:02:05.296  6006  6119 W System.err: 	at okhttp3.Dns$Companion$DnsSystem.lookup(Dns.kt:49)
12-02 20:02:05.296  6006  6119 W System.err: 	at okhttp3.internal.connection.RouteSelector.resetNextInetSocketAddress(RouteSelector.kt:164)
12-02 20:02:05.296  6006  6119 W System.err: 	at okhttp3.internal.connection.RouteSelector.nextProxy(RouteSelector.kt:129)
12-02 20:02:05.296  6006  6006 V ActivityScenario: Update currentActivityStage to RESUMED, currentActivity=com.example.neuraldrive.MainActivity@9cc4ef9
12-02 20:02:05.298  6006  6119 W System.err: 	at okhttp3.internal.connection.RouteSelector.next(RouteSelector.kt:71)
12-02 20:02:05.298  6006  6119 W System.err: 	at okhttp3.internal.connection.ExchangeFinder.findConnection(ExchangeFinder.kt:205)
12-02 20:02:05.298  6006  6119 W System.err: 	at okhttp3.internal.connection.ExchangeFinder.findHealthyConnection(ExchangeFinder.kt:106)
12-02 20:02:05.298  6006  6119 W System.err: 	at okhttp3.internal.connection.ExchangeFinder.find(ExchangeFinder.kt:74)
12-02 20:02:05.300  6006  6119 W System.err: 	at okhttp3.internal.connection.RealCall.initExchange$okhttp(RealCall.kt:255)
12-02 20:02:05.300  6006  6119 W System.err: 	at okhttp3.internal.connection.ConnectInterceptor.intercept(ConnectInterceptor.kt:32)
12-02 20:02:05.300  6006  6119 W System.err: 	at okhttp3.internal.http.RealInterceptorChain.proceed(RealInterceptorChain.kt:109)
12-02 20:02:05.302  6006  6119 W System.err: 	at okhttp3.internal.cache.CacheInterceptor.intercept(CacheInterceptor.kt:95)
12-02 20:02:05.308   590  5516 D SysUI   : [PrimesSysHealthLogger]Timer GLOBAL_LAUNCHER_MERGE_ONGOING_ACTIVITIES_TIME took 13 ms
12-02 20:02:05.302  6006  6119 W System.err: 	at okhttp3.internal.http.RealInterceptorChain.proceed(RealInterceptorChain.kt:109)
12-02 20:02:05.314  6006  6119 W System.err: 	at okhttp3.internal.http.BridgeInterceptor.intercept(BridgeInterceptor.kt:83)
12-02 20:02:05.383  6079  6079 W ding:backgroun: Verification of void tmb.<init>(float[][], char[][]) took 235.496ms (25.48 bytecodes/s) (848B approximate peak alloc)
12-02 20:02:05.430  6006  6119 W System.err: 	at okhttp3.internal.http.RealInterceptorChain.proceed(RealInterceptorChain.kt:109)
12-02 20:02:05.430  6006  6119 W System.err: 	at okhttp3.internal.http.RetryAndFollowUpInterceptor.intercept(RetryAndFollowUpInterceptor.kt:76)
12-02 20:02:05.430  6006  6119 W System.err: 	at okhttp3.internal.http.RealInterceptorChain.proceed(RealInterceptorChain.kt:109)
12-02 20:02:05.431  6006  6119 W System.err: 	at okhttp3.internal.connection.RealCall.getResponseWithInterceptorChain$okhttp(RealCall.kt:201)
12-02 20:02:05.431  6006  6119 W System.err: 	at okhttp3.internal.connection.RealCall$AsyncCall.run(RealCall.kt:517)
12-02 20:02:05.431  6006  6119 W System.err: 	at java.util.concurrent.ThreadPoolExecutor.runWorker(ThreadPoolExecutor.java:1167)
12-02 20:02:05.431  6006  6119 W System.err: 	at java.util.concurrent.ThreadPoolExecutor$Worker.run(ThreadPoolExecutor.java:641)
12-02 20:02:05.431  6006  6119 W System.err: 	at java.lang.Thread.run(Thread.java:923)
12-02 20:02:05.482   221   255 D goldfish-address-space: claimShared: Ask to claim region [0x3fe44c000 0x3fe516000]
12-02 20:02:05.516   221   255 D goldfish-address-space: claimShared: Ask to claim region [0x3fe516000 0x3fe5e0000]
12-02 20:02:05.534   221   255 D goldfish-address-space: claimShared: Ask to claim region [0x3fe5e0000 0x3fe6aa000]
12-02 20:02:05.633  6006  6006 D RootViewPicker: Root not ready - waiting: 10ms for one to appear.
12-02 20:02:05.650  6006  6006 D RootViewPicker: Root not ready - waiting: 25ms for one to appear.
12-02 20:02:05.696  6006  6006 D RootViewPicker: Root not ready - waiting: 50ms for one to appear.
12-02 20:02:05.709  5880  5972 W android.vendin: Verification of java.lang.String nuq.e(java.lang.String) took 639.878ms (25.00 bytecodes/s) (840B approximate peak alloc)
12-02 20:02:05.711  5880  6110 E PhenotypeCombinedFlags: Config package com.google.android.gms.phenotype cannot use PROCESS_STABLE backing without declarative registration. See go/phenotype-android-integration#phenotype for more information. This will lead to stale flags.
12-02 20:02:05.746  6006  6210 I System.out: [{"time":"02/12/2022 08:02:05","acc_x":"0.0","acc_y":"9.776321","acc_z":"0.812345","gir_x":"0.0","gir_y":"0.0","gir_z":"0.0"},{"time":"02/12/2022 08:02:05","acc_x":"0.0","acc_y":"9.776321","acc_z":"0.812345","gir_x":"0.0","gir_y":"0.0","gir_z":"0.0"},{"time":"02/12/2022 08:02:05","acc_x":"0.0","acc_y":"9.776321","acc_z":"0.812345","gir_x":"0.0","gir_y":"0.0","gir_z":"0.0"},{"time":"02/12/2022 08:02:05","acc_x":"0.0","acc_y":"9.776321","acc_z":"0.812345","gir_x":"0.0","gir_y":"0.0","gir_z":"0.0"},{"time":"02/12/2022 08:02:05","acc_x":"0.0","acc_y":"9.776321","acc_z":"0.812345","gir_x":"0.0","gir_y":"0.0","gir_z":"0.0"},{"time":"02/12/2022 08:02:05","acc_x":"0.0","acc_y":"9.776321","acc_z":"0.812345","gir_x":"0.0","gir_y":"0.0","gir_z":"0.0"},{"time":"02/12/2022 08:02:05","acc_x":"0.0","acc_y":"9.776321","acc_z":"0.812345","gir_x":"0.0","gir_y":"0.0","gir_z":"0.0"},{"time":"02/12/2022 08:02:05","acc_x":"0.0","acc_y":"9.776321","acc_z":"0.812345","gir_x":"0.0","gir_y":"0.0","gir_z":"0.0"},{"time":"02/12/2022 08:02:05","acc_x":"0.0","acc_y":"9.776321","acc_z":"0.812345","gir_x":"0.0","gir_y":"0.0","gir_z":"0.0"},{"time":"02/12/2022 08:02:05","acc_x":"0.0","acc_y":"9.776321","acc_z":"0.812345","gir_x":"0.0","gir_y":"0.0","gir_z":"0.0"},{"time":"02/12/2022 08:02:05","acc_x":"0.0","acc_y":"9.776321","acc_z":"0.812345","gir_x":"0.0","gir_y":"0.0","gir_z":"0.0"},{"time":"02/12/2022 08:02:05","acc_x":"0.0","acc_y":"9.776321","acc_z":"0.812345","gir_x":"0.0","gir_y":"0.0","gir_z":"0.0"},{"time":"02/12/2022 08:02:05","acc_x":"0.0","acc_y":"9.776321","acc_z":"0.812345","gir_x":"0.0","gir_y":"0.0","gir_z":"0.0"},{"time":"02/12/2022 08:02:05","acc_x":"0.0","acc_y":"9.776321","acc_z":"0.812345","gir_x":"0.0","gir_y":"0.0","gir_z":"0.0"},{"time":"02/12/2022 08:02:05","acc_x":"0.0","acc_y":"9.776321","acc_z":"0.812345","gir_x":"0.0","gir_y":"0.0","gir_z":"0.0"},{"time":"02/12/2022 08:02:05","acc_x":"0.0","acc_y":"9.776321","acc_z":"0.812345","gir_x":"0.0","gir_y":"0.0","gir_z":"0.0"},{"time":"02/12/2022 08:02:05","acc_x":"0.0","acc_y":"9.776321","acc_z":"0.812345","gir_x":"0.0","gir_y":"0.0","gir_z":"0.0"},{"time":"02/12/2022 08:02:05","acc_x":"0.0","acc_y":"9.776321","acc_z":"0.812345","gir_x":"0.0","gir_y":"0.0","gir_z":"0.0"},{"time":"02/12/2022 08:02:05","acc_x":"0.0","acc_y":"9.776321","acc_z":"0.812345","gir_x":"0.0","gir_y":"0.0","gir_z":"0.0"},{"time":"02/12/2022 08:02:05","acc_x":"0.0","acc_y":"9.776321","acc_z":"0.812345","gir_x":"0.0","gir_y":"0.0","gir_z":"0.0"},{"time":"02/12/2022 08:02:05","acc_x":"0.0","acc_y":"9.776321","acc_z":"0.812345","gir_x":"0.0","gir_y":"0.0","gir_z":"0.0"},{"time":"02/12/2022 08:02:05","acc_x":"0.0","acc_y":"9.776321","acc_z":"0.812345","gir_x":"0.0","gir_y":"0.0","gir_z":"0.0"},{"time":"02/12/2022 08:02:05","acc_x":"0.0","acc_y":"9.776321","acc_z":"0.812345","gir_x":"0.0","gir_y":"0.0","gir_z":"0.0"},{"time":"02/12/2022 08:02:05","acc_x":"0.0","acc_y":"9.776321","acc_z":"0.812345","gir_x":"0.0","gir_y":"0.0","gir_z":"0.0"},{"time":"02/12/2022 08:02:05","acc_x":"0.0","acc_y":"9.776321","acc_z":"0.812345","gir_x":"0.0","gir_y":"0.0","gir_z":"0.0"},{"time":"02/12/2022 08:02:05","acc_x":"0.0","acc_y":"9.776321","acc_z":"0.812345","gir_x":"0.0","gir_y":"0.0","gir_z":"0.0"},{"time":"02/12/2022 08:02:05","acc_x":"0.0","acc_y":"9.776321","acc_z":"0.812345","gir_x":"0.0","gir_y":"0.0","gir_z":"0.0"},{"time":"02/12/2022 08:02:05","acc_x":"0.0","acc_y":"9.776321","acc_z":"0.812345","gir_x":"0.0","gir_y":"0.0","gir_z":"0.0"},{"time":"02/12/2022 08:02:05","acc_x":"0.0","acc_y":"9.776321","acc_z":"0.812345","gir_x":"0.0","gir_y":"0.0","gir_z":"0.0"},{"time":"02/12/2022 08:02:05","acc_x":"0.0","acc_y":"9.776321","acc_z":"0.812345","gir_x":"0.0","gir_y":"0.0","gir_z":"0.0"},{"time":"02/12/2022 08:02:05","acc_x":"0.0","acc_y":"9.776321","acc_z":"0.812345","gir_x":"0.0","gir_y":"0.0","gir_z":"0.0"},{"time":"02/12/2022 08:02:05","acc_x":"0.0","acc_y":"9.776321","acc_z":"0.812345","gir_x":"0.0","gir_y":"0.0","gir_z":"0.0"},{"time":"02/12/2022 08:02:05","acc_x":"0.0","acc_y":"9
12-02 20:02:05.750  6006  6006 D RootViewPicker: Root not ready - waiting: 100ms for one to appear.
12-02 20:02:05.767  5880  6110 E PhenotypeCombinedFlags: Config package com.google.android.gms.phenotype cannot use PROCESS_STABLE backing without declarative registration. See go/phenotype-android-integration#phenotype for more information. This will lead to stale flags.
12-02 20:02:05.775  6006  6109 I System.out: [
12-02 20:02:05.813  6006  6119 W System.err: java.net.UnknownHostException: Unable to resolve host "258.54.87.52": No address associated with hostname
12-02 20:02:05.814  6006  6119 W System.err: 	at java.net.Inet6AddressImpl.lookupHostByName(Inet6AddressImpl.java:124)
12-02 20:02:05.814  6006  6119 W System.err: 	at java.net.Inet6AddressImpl.lookupAllHostAddr(Inet6AddressImpl.java:103)
12-02 20:02:05.813  3233  3233 I WearInputMethodService: WearInputMethodService.onBindInput():989
12-02 20:02:05.814  6006  6119 W System.err: 	at java.net.InetAddress.getAllByName(InetAddress.java:1152)
12-02 20:02:05.814  6006  6119 W System.err: 	at okhttp3.Dns$Companion$DnsSystem.lookup(Dns.kt:49)
12-02 20:02:05.814  6006  6119 W System.err: 	at okhttp3.internal.connection.RouteSelector.resetNextInetSocketAddress(RouteSelector.kt:164)
12-02 20:02:05.814  6006  6119 W System.err: 	at okhttp3.internal.connection.RouteSelector.nextProxy(RouteSelector.kt:129)
12-02 20:02:05.814  6006  6119 W System.err: 	at okhttp3.internal.connection.RouteSelector.next(RouteSelector.kt:71)
12-02 20:02:05.814  6006  6119 W System.err: 	at okhttp3.internal.connection.ExchangeFinder.findConnection(ExchangeFinder.kt:205)
12-02 20:02:05.814  6006  6119 W System.err: 	at okhttp3.internal.connection.ExchangeFinder.findHealthyConnection(ExchangeFinder.kt:106)
12-02 20:02:05.814  6006  6119 W System.err: 	at okhttp3.internal.connection.ExchangeFinder.find(ExchangeFinder.kt:74)
12-02 20:02:05.814  6006  6119 W System.err: 	at okhttp3.internal.connection.RealCall.initExchange$okhttp(RealCall.kt:255)
12-02 20:02:05.814  6006  6119 W System.err: 	at okhttp3.internal.connection.ConnectInterceptor.intercept(ConnectInterceptor.kt:32)
12-02 20:02:05.815  6006  6119 W System.err: 	at okhttp3.internal.http.RealInterceptorChain.proceed(RealInterceptorChain.kt:109)
12-02 20:02:05.817  6006  6119 W System.err: 	at okhttp3.internal.cache.CacheInterceptor.intercept(CacheInterceptor.kt:95)
12-02 20:02:05.817  3233  3233 I WearInputMethodService: WearInputMethodService.onFinishInput():2244
12-02 20:02:05.818  3233  3233 I WearInputMethodService: WearInputMethodService.onStartInput():1777
12-02 20:02:05.818  3233  3233 I WearInputMethodService: WearInputMethodService.onStartInput():1789 onStartInput(), Dummy InputConnection bound
12-02 20:02:05.818  6006  6119 W System.err: 	at okhttp3.internal.http.RealInterceptorChain.proceed(RealInterceptorChain.kt:109)
12-02 20:02:05.818  6006  6119 W System.err: 	at okhttp3.internal.http.BridgeInterceptor.intercept(BridgeInterceptor.kt:83)
12-02 20:02:05.818  6006  6119 W System.err: 	at okhttp3.internal.http.RealInterceptorChain.proceed(RealInterceptorChain.kt:109)
12-02 20:02:05.818  6006  6119 W System.err: 	at okhttp3.internal.http.RetryAndFollowUpInterceptor.intercept(RetryAndFollowUpInterceptor.kt:76)
12-02 20:02:05.818  6006  6119 W System.err: 	at okhttp3.internal.http.RealInterceptorChain.proceed(RealInterceptorChain.kt:109)
12-02 20:02:05.818  6006  6119 W System.err: 	at okhttp3.internal.connection.RealCall.getResponseWithInterceptorChain$okhttp(RealCall.kt:201)
12-02 20:02:05.819  6006  6119 W System.err: 	at okhttp3.internal.connection.RealCall$AsyncCall.run(RealCall.kt:517)
12-02 20:02:05.819  6006  6119 W System.err: 	at java.util.concurrent.ThreadPoolExecutor.runWorker(ThreadPoolExecutor.java:1167)
12-02 20:02:05.819  6006  6119 W System.err: 	at java.util.concurrent.ThreadPoolExecutor$Worker.run(ThreadPoolExecutor.java:641)
12-02 20:02:05.819  6006  6119 W System.err: 	at java.lang.Thread.run(Thread.java:923)
12-02 20:02:05.861  6006  6006 I ViewInteraction: Checking 'MatchesViewAssertion{viewMatcher=an instance of android.widget.TextView and view.getText() equals string from resource id: <2131820573>}' assertion on view view.getId() is <2131361874/com.example.neuraldrive:id/app_name>
12-02 20:02:05.886  6079  6079 W ding:backgroun: Verification of void tmb.<init>(char[][][], byte[][][]) took 130.155ms (46.10 bytecodes/s) (848B approximate peak alloc)
12-02 20:02:05.929  6006  6211 W System.err: java.net.UnknownHostException: Unable to resolve host "258.54.87.52": No address associated with hostname
12-02 20:02:05.931  6006  6211 W System.err: 	at java.net.Inet6AddressImpl.lookupHostByName(Inet6AddressImpl.java:124)
12-02 20:02:05.932  6006  6211 W System.err: 	at java.net.Inet6AddressImpl.lookupAllHostAddr(Inet6AddressImpl.java:103)
12-02 20:02:05.932  6006  6211 W System.err: 	at java.net.InetAddress.getAllByName(InetAddress.java:1152)
12-02 20:02:05.933  6006  6211 W System.err: 	at okhttp3.Dns$Companion$DnsSystem.lookup(Dns.kt:49)
12-02 20:02:05.950  6006  6211 W System.err: 	at okhttp3.internal.connection.RouteSelector.resetNextInetSocketAddress(RouteSelector.kt:164)
12-02 20:02:05.950  6006  6211 W System.err: 	at okhttp3.internal.connection.RouteSelector.nextProxy(RouteSelector.kt:129)
12-02 20:02:05.950  6006  6211 W System.err: 	at okhttp3.internal.connection.RouteSelector.next(RouteSelector.kt:71)
12-02 20:02:05.950  6006  6211 W System.err: 	at okhttp3.internal.connection.ExchangeFinder.findConnection(ExchangeFinder.kt:205)
12-02 20:02:05.950  6006  6211 W System.err: 	at okhttp3.internal.connection.ExchangeFinder.findHealthyConnection(ExchangeFinder.kt:106)
12-02 20:02:05.950  6006  6211 W System.err: 	at okhttp3.internal.connection.ExchangeFinder.find(ExchangeFinder.kt:74)
12-02 20:02:05.950  6006  6211 W System.err: 	at okhttp3.internal.connection.RealCall.initExchange$okhttp(RealCall.kt:255)
12-02 20:02:05.951  6006  6211 W System.err: 	at okhttp3.internal.connection.ConnectInterceptor.intercept(ConnectInterceptor.kt:32)
12-02 20:02:05.951  6006  6211 W System.err: 	at okhttp3.internal.http.RealInterceptorChain.proceed(RealInterceptorChain.kt:109)
12-02 20:02:05.952  6006  6211 W System.err: 	at okhttp3.internal.cache.CacheInterceptor.intercept(CacheInterceptor.kt:95)
12-02 20:02:06.012  6006  6006 D LifecycleMonitor: Lifecycle status change: com.example.neuraldrive.MainActivity@9cc4ef9 in: PAUSED
12-02 20:02:06.012  6006  6006 V ActivityScenario: Update currentActivityStage to PAUSED, currentActivity=com.example.neuraldrive.MainActivity@9cc4ef9
12-02 20:02:06.015   399  1195 W InputReader: Device virtio_input_multi_touch_9 is associated with display ADISPLAY_ID_NONE.
12-02 20:02:06.015   399  1195 W InputReader: Device virtio_input_multi_touch_6 is associated with display ADISPLAY_ID_NONE.
12-02 20:02:06.015   399  1195 W InputReader: Device virtio_input_multi_touch_3 is associated with display ADISPLAY_ID_NONE.
12-02 20:02:06.015   399  1195 W InputReader: Device virtio_input_multi_touch_10 is associated with display ADISPLAY_ID_NONE.
12-02 20:02:06.015   399  1195 W InputReader: Device virtio_input_multi_touch_4 is associated with display ADISPLAY_ID_NONE.
12-02 20:02:06.015   399  1195 W InputReader: Device virtio_input_multi_touch_11 is associated with display ADISPLAY_ID_NONE.
12-02 20:02:06.015   399  1195 W InputReader: Device virtio_input_multi_touch_5 is associated with display ADISPLAY_ID_NONE.
12-02 20:02:06.015   399  1195 W InputReader: Device virtio_input_multi_touch_7 is associated with display ADISPLAY_ID_NONE.
12-02 20:02:06.015   399  1195 W InputReader: Device virtio_input_multi_touch_2 is associated with display ADISPLAY_ID_NONE.
12-02 20:02:06.015   399  1195 W InputReader: Device virtio_input_multi_touch_8 is associated with display ADISPLAY_ID_NONE.
12-02 20:02:06.016   399  1195 W InputReader: Device virtio_input_multi_touch_9 is associated with display ADISPLAY_ID_NONE.
12-02 20:02:06.016   399  1195 W InputReader: Device virtio_input_multi_touch_6 is associated with display ADISPLAY_ID_NONE.
12-02 20:02:06.016   399  1195 W InputReader: Device virtio_input_multi_touch_3 is associated with display ADISPLAY_ID_NONE.
12-02 20:02:06.016   399  1195 W InputReader: Device virtio_input_multi_touch_10 is associated with display ADISPLAY_ID_NONE.
12-02 20:02:06.016   399  1195 W InputReader: Device virtio_input_multi_touch_4 is associated with display ADISPLAY_ID_NONE.
12-02 20:02:06.016   399  1195 W InputReader: Device virtio_input_multi_touch_11 is associated with display ADISPLAY_ID_NONE.
12-02 20:02:06.016   399  1195 W InputReader: Device virtio_input_multi_touch_5 is associated with display ADISPLAY_ID_NONE.
12-02 20:02:06.016   399  1195 W InputReader: Device virtio_input_multi_touch_7 is associated with display ADISPLAY_ID_NONE.
12-02 20:02:06.016   399  1195 W InputReader: Device virtio_input_multi_touch_2 is associated with display ADISPLAY_ID_NONE.
12-02 20:02:06.016   399  1195 W InputReader: Device virtio_input_multi_touch_8 is associated with display ADISPLAY_ID_NONE.
12-02 20:02:06.021  5880  5972 W android.vendin: Verification of java.lang.Object rsc.gN(int, java.lang.Object) took 164.427ms (547.36 bytecodes/s) (2280B approximate peak alloc)
12-02 20:02:06.057  6006  6006 D LifecycleMonitor: Lifecycle status change: androidx.test.core.app.InstrumentationActivityInvoker$EmptyFloatingActivity@9c18b6c in: PRE_ON_CREATE
12-02 20:02:06.061  6006  6006 V ActivityScenario: Activity lifecycle changed event received but ignored because the intent does not match. startActivityIntent=Intent { act=android.intent.action.MAIN cat=[android.intent.category.LAUNCHER] flg=0x10008000 cmp=com.example.neuraldrive/.MainActivity }, activity.getIntent()=Intent { act=android.intent.action.MAIN cat=[android.intent.category.LAUNCHER] flg=0x10000000 cmp=com.example.neuraldrive/androidx.test.core.app.InstrumentationActivityInvoker$EmptyFloatingActivity }, activity=androidx.test.core.app.InstrumentationActivityInvoker$EmptyFloatingActivity@9c18b6c
12-02 20:02:06.067  6006  6211 W System.err: 	at okhttp3.internal.http.RealInterceptorChain.proceed(RealInterceptorChain.kt:109)
12-02 20:02:06.067  6006  6211 W System.err: 	at okhttp3.internal.http.BridgeInterceptor.intercept(BridgeInterceptor.kt:83)
12-02 20:02:06.067  6006  6211 W System.err: 	at okhttp3.internal.http.RealInterceptorChain.proceed(RealInterceptorChain.kt:109)
12-02 20:02:06.067  6006  6211 W System.err: 	at okhttp3.internal.http.RetryAndFollowUpInterceptor.intercept(RetryAndFollowUpInterceptor.kt:76)
12-02 20:02:06.067  6006  6211 W System.err: 	at okhttp3.internal.http.RealInterceptorChain.proceed(RealInterceptorChain.kt:109)
12-02 20:02:06.067  6006  6211 W System.err: 	at okhttp3.internal.connection.RealCall.getResponseWithInterceptorChain$okhttp(RealCall.kt:201)
12-02 20:02:06.067  6006  6211 W System.err: 	at okhttp3.internal.connection.RealCall$AsyncCall.run(RealCall.kt:517)
12-02 20:02:06.067  6006  6211 W System.err: 	at java.util.concurrent.ThreadPoolExecutor.runWorker(ThreadPoolExecutor.java:1167)
12-02 20:02:06.067  6006  6211 W System.err: 	at java.util.concurrent.ThreadPoolExecutor$Worker.run(ThreadPoolExecutor.java:641)
12-02 20:02:06.067  6006  6211 W System.err: 	at java.lang.Thread.run(Thread.java:923)
12-02 20:02:06.074  6006  6006 D LifecycleMonitor: Lifecycle status change: androidx.test.core.app.InstrumentationActivityInvoker$EmptyFloatingActivity@9c18b6c in: CREATED
12-02 20:02:06.074  6006  6006 V ActivityScenario: Activity lifecycle changed event received but ignored because the intent does not match. startActivityIntent=Intent { act=android.intent.action.MAIN cat=[android.intent.category.LAUNCHER] flg=0x10008000 cmp=com.example.neuraldrive/.MainActivity }, activity.getIntent()=Intent { act=android.intent.action.MAIN cat=[android.intent.category.LAUNCHER] flg=0x10000000 cmp=com.example.neuraldrive/androidx.test.core.app.InstrumentationActivityInvoker$EmptyFloatingActivity }, activity=androidx.test.core.app.InstrumentationActivityInvoker$EmptyFloatingActivity@9c18b6c
12-02 20:02:06.083  6006  6006 D LifecycleMonitor: Lifecycle status change: androidx.test.core.app.InstrumentationActivityInvoker$EmptyFloatingActivity@9c18b6c in: STARTED
12-02 20:02:06.084  6006  6006 V ActivityScenario: Activity lifecycle changed event received but ignored because the intent does not match. startActivityIntent=Intent { act=android.intent.action.MAIN cat=[android.intent.category.LAUNCHER] flg=0x10008000 cmp=com.example.neuraldrive/.MainActivity }, activity.getIntent()=Intent { act=android.intent.action.MAIN cat=[android.intent.category.LAUNCHER] flg=0x10000000 cmp=com.example.neuraldrive/androidx.test.core.app.InstrumentationActivityInvoker$EmptyFloatingActivity }, activity=androidx.test.core.app.InstrumentationActivityInvoker$EmptyFloatingActivity@9c18b6c
12-02 20:02:06.086  6006  6006 D LifecycleMonitor: Lifecycle status change: androidx.test.core.app.InstrumentationActivityInvoker$EmptyFloatingActivity@9c18b6c in: RESUMED
12-02 20:02:06.086  6006  6006 V ActivityScenario: Activity lifecycle changed event received but ignored because the intent does not match. startActivityIntent=Intent { act=android.intent.action.MAIN cat=[android.intent.category.LAUNCHER] flg=0x10008000 cmp=com.example.neuraldrive/.MainActivity }, activity.getIntent()=Intent { act=android.intent.action.MAIN cat=[android.intent.category.LAUNCHER] flg=0x10000000 cmp=com.example.neuraldrive/androidx.test.core.app.InstrumentationActivityInvoker$EmptyFloatingActivity }, activity=androidx.test.core.app.InstrumentationActivityInvoker$EmptyFloatingActivity@9c18b6c
12-02 20:02:06.127   590   590 W SysUI   : [LauncherDefaultRecentsCombiner]Unable to get ActivityDisplayInfo for {com.fitbit.FitbitMobile/com.fitbit.today.TodayMainActivity} attempting to fetch from ResolveInfo
12-02 20:02:06.127   590   590 W SysUI   : [LauncherDefaultRecentsCombiner]Unable to get ResolveInfo for {com.fitbit.FitbitMobile/com.fitbit.today.TodayMainActivity}, not able to add to default recents
12-02 20:02:06.127   590   590 W SysUI   : [LauncherDefaultRecentsCombiner]Unable to get ActivityDisplayInfo for {com.fitbit.FitbitMobile/com.fitbit.exercise.MainActivity} attempting to fetch from ResolveInfo
12-02 20:02:06.127   590   590 W SysUI   : [LauncherDefaultRecentsCombiner]Unable to get ResolveInfo for {com.fitbit.FitbitMobile/com.fitbit.exercise.MainActivity}, not able to add to default recents
12-02 20:02:06.128   590   590 W SysUI   : [LauncherDefaultRecentsCombiner]Unable to get ActivityDisplayInfo for {com.google.android.apps.youtube.music/com.google.android.apps.youtube.music.wear.WearMainActivity} attempting to fetch from ResolveInfo
12-02 20:02:06.128   590   590 W SysUI   : [LauncherDefaultRecentsCombiner]Unable to get ResolveInfo for {com.google.android.apps.youtube.music/com.google.android.apps.youtube.music.wear.WearMainActivity}, not able to add to default recents
12-02 20:02:06.128   590   590 W SysUI   : [LauncherDefaultRecentsCombiner]Unable to get ActivityDisplayInfo for {com.google.android.apps.messaging/com.google.android.apps.messaging.main.WearMainActivity} attempting to fetch from ResolveInfo
12-02 20:02:06.128   590   590 W SysUI   : [LauncherDefaultRecentsCombiner]Unable to get ResolveInfo for {com.google.android.apps.messaging/com.google.android.apps.messaging.main.WearMainActivity}, not able to add to default recents
12-02 20:02:06.129   590   590 W SysUI   : [LauncherDefaultRecentsCombiner]Unable to get ActivityDisplayInfo for {com.google.android.dialer/com.google.android.wearable.googledialer.launcher.impl.LauncherActivity} attempting to fetch from ResolveInfo
12-02 20:02:06.129   590   590 W SysUI   : [LauncherDefaultRecentsCombiner]Unable to get ResolveInfo for {com.google.android.dialer/com.google.android.wearable.googledialer.launcher.impl.LauncherActivity}, not able to add to default recents
12-02 20:02:06.129   590   590 W SysUI   : [LauncherDefaultRecentsCombiner]Unable to get ActivityDisplayInfo for {com.google.android.apps.safetyhub/com.google.android.wearable.safety.application.MainActivity} attempting to fetch from ResolveInfo
